Component: ARM Compiler 5.06 update 7 (build 960) Tool: armlink [4d3601]

==============================================================================

Section Cross References

    system_stm32f10x.o(i.SetSysClock) refers to system_stm32f10x.o(i.SetSysClockTo72) for SetSysClockTo72
    system_stm32f10x.o(i.SystemCoreClockUpdate) refers to system_stm32f10x.o(.data) for .data
    system_stm32f10x.o(i.SystemInit) refers to system_stm32f10x.o(i.SetSysClock) for SetSysClock
    startup_stm32f10x_md.o(RESET) refers to startup_stm32f10x_md.o(STACK) for __initial_sp
    startup_stm32f10x_md.o(RESET) refers to startup_stm32f10x_md.o(.text) for Reset_Handler
    startup_stm32f10x_md.o(RESET) refers to stm32f10x_it.o(i.NMI_Handler) for NMI_Handler
    startup_stm32f10x_md.o(RESET) refers to stm32f10x_it.o(i.HardFault_Handler) for HardFault_Handler
    startup_stm32f10x_md.o(RESET) refers to stm32f10x_it.o(i.MemManage_Handler) for MemManage_Handler
    startup_stm32f10x_md.o(RESET) refers to stm32f10x_it.o(i.BusFault_Handler) for BusFault_Handler
    startup_stm32f10x_md.o(RESET) refers to stm32f10x_it.o(i.UsageFault_Handler) for UsageFault_Handler
    startup_stm32f10x_md.o(RESET) refers to port.o(.emb_text) for SVC_Handler
    startup_stm32f10x_md.o(RESET) refers to stm32f10x_it.o(i.DebugMon_Handler) for DebugMon_Handler
    startup_stm32f10x_md.o(RESET) refers to stm32f10x_it.o(i.SysTick_Handler) for SysTick_Handler
    startup_stm32f10x_md.o(RESET) refers to key.o(i.EXTI0_IRQHandler) for EXTI0_IRQHandler
    startup_stm32f10x_md.o(RESET) refers to key.o(i.EXTI1_IRQHandler) for EXTI1_IRQHandler
    startup_stm32f10x_md.o(RESET) refers to key.o(i.EXTI9_5_IRQHandler) for EXTI9_5_IRQHandler
    startup_stm32f10x_md.o(RESET) refers to esp01s.o(i.TIM3_IRQHandler) for TIM3_IRQHandler
    startup_stm32f10x_md.o(RESET) refers to asrpro.o(i.USART1_IRQHandler) for USART1_IRQHandler
    startup_stm32f10x_md.o(RESET) refers to bluetooth.o(i.USART2_IRQHandler) for USART2_IRQHandler
    startup_stm32f10x_md.o(RESET) refers to esp01s.o(i.USART3_IRQHandler) for USART3_IRQHandler
    startup_stm32f10x_md.o(.text) refers to system_stm32f10x.o(i.SystemInit) for SystemInit
    startup_stm32f10x_md.o(.text) refers to entry.o(.ARM.Collect$$$$00000000) for __main
    stm32f10x_adc.o(i.ADC_DeInit) refers to stm32f10x_rcc.o(i.RCC_APB2PeriphResetCmd) for RCC_APB2PeriphResetCmd
    stm32f10x_bkp.o(i.BKP_DeInit) refers to stm32f10x_rcc.o(i.RCC_BackupResetCmd) for RCC_BackupResetCmd
    stm32f10x_can.o(i.CAN_DeInit) refers to stm32f10x_rcc.o(i.RCC_APB1PeriphResetCmd) for RCC_APB1PeriphResetCmd
    stm32f10x_can.o(i.CAN_GetITStatus) refers to stm32f10x_can.o(i.CheckITStatus) for CheckITStatus
    stm32f10x_cec.o(i.CEC_DeInit) refers to stm32f10x_rcc.o(i.RCC_APB1PeriphResetCmd) for RCC_APB1PeriphResetCmd
    stm32f10x_dac.o(i.DAC_DeInit) refers to stm32f10x_rcc.o(i.RCC_APB1PeriphResetCmd) for RCC_APB1PeriphResetCmd
    stm32f10x_flash.o(i.FLASH_EnableWriteProtection) refers to stm32f10x_flash.o(i.FLASH_WaitForLastOperation) for FLASH_WaitForLastOperation
    stm32f10x_flash.o(i.FLASH_EraseAllBank1Pages) refers to stm32f10x_flash.o(i.FLASH_WaitForLastBank1Operation) for FLASH_WaitForLastBank1Operation
    stm32f10x_flash.o(i.FLASH_EraseAllPages) refers to stm32f10x_flash.o(i.FLASH_WaitForLastOperation) for FLASH_WaitForLastOperation
    stm32f10x_flash.o(i.FLASH_EraseOptionBytes) refers to stm32f10x_flash.o(i.FLASH_GetReadOutProtectionStatus) for FLASH_GetReadOutProtectionStatus
    stm32f10x_flash.o(i.FLASH_EraseOptionBytes) refers to stm32f10x_flash.o(i.FLASH_WaitForLastOperation) for FLASH_WaitForLastOperation
    stm32f10x_flash.o(i.FLASH_ErasePage) refers to stm32f10x_flash.o(i.FLASH_WaitForLastOperation) for FLASH_WaitForLastOperation
    stm32f10x_flash.o(i.FLASH_ProgramHalfWord) refers to stm32f10x_flash.o(i.FLASH_WaitForLastOperation) for FLASH_WaitForLastOperation
    stm32f10x_flash.o(i.FLASH_ProgramOptionByteData) refers to stm32f10x_flash.o(i.FLASH_WaitForLastOperation) for FLASH_WaitForLastOperation
    stm32f10x_flash.o(i.FLASH_ProgramWord) refers to stm32f10x_flash.o(i.FLASH_WaitForLastOperation) for FLASH_WaitForLastOperation
    stm32f10x_flash.o(i.FLASH_ReadOutProtection) refers to stm32f10x_flash.o(i.FLASH_WaitForLastOperation) for FLASH_WaitForLastOperation
    stm32f10x_flash.o(i.FLASH_UserOptionByteConfig) refers to stm32f10x_flash.o(i.FLASH_WaitForLastOperation) for FLASH_WaitForLastOperation
    stm32f10x_flash.o(i.FLASH_WaitForLastBank1Operation) refers to stm32f10x_flash.o(i.FLASH_GetBank1Status) for FLASH_GetBank1Status
    stm32f10x_flash.o(i.FLASH_WaitForLastOperation) refers to stm32f10x_flash.o(i.FLASH_GetBank1Status) for FLASH_GetBank1Status
    stm32f10x_gpio.o(i.GPIO_AFIODeInit) refers to stm32f10x_rcc.o(i.RCC_APB2PeriphResetCmd) for RCC_APB2PeriphResetCmd
    stm32f10x_gpio.o(i.GPIO_DeInit) refers to stm32f10x_rcc.o(i.RCC_APB2PeriphResetCmd) for RCC_APB2PeriphResetCmd
[...]
    i.prvResetNextTaskUnblockTime            0x080048c4   Section        0  tasks.o(i.prvResetNextTaskUnblockTime)
    prvResetNextTaskUnblockTime              0x080048c5   Thumb Code    28  tasks.o(i.prvResetNextTaskUnblockTime)
    i.prvTaskExitError                       0x080048e4   Section        0  port.o(i.prvTaskExitError)
    prvTaskExitError                         0x080048e5   Thumb Code    16  port.o(i.prvTaskExitError)
    i.prvUnlockQueue                         0x080048f4   Section        0  queue.o(i.prvUnlockQueue)
    prvUnlockQueue                           0x080048f5   Thumb Code   106  queue.o(i.prvUnlockQueue)
    i.pvPortMalloc                           0x08004960   Section        0  heap_4.o(i.pvPortMalloc)
    i.pxPortInitialiseStack                  0x08004a00   Section        0  port.o(i.pxPortInitialiseStack)
    i.recreation_mode                        0x08004a1c   Section        0  main.o(i.recreation_mode)
    i.room_lamp_adjust                       0x08004a22   Section        0  led.o(i.room_lamp_adjust)
    i.room_lamp_init                         0x08004a32   Section        0  led.o(i.room_lamp_init)
    i.room_lamp_off                          0x08004a36   Section        0  led.o(i.room_lamp_off)
    i.room_lamp_on                           0x08004a3c   Section        0  led.o(i.room_lamp_on)
    i.servo_init                             0x08004a42   Section        0  servo.o(i.servo_init)
    i.servo_set_angle                        0x08004a46   Section        0  servo.o(i.servo_set_angle)
    i.servo_window_off                       0x08004a5c   Section        0  servo.o(i.servo_window_off)
    i.servo_window_on                        0x08004a62   Section        0  servo.o(i.servo_window_on)
    i.sleep_mode                             0x08004a68   Section        0  main.o(i.sleep_mode)
    i.system_init                            0x08004a6e   Section        0  main.o(i.system_init)
    i.system_status_led_control              0x08004ab8   Section        0  led.o(i.system_status_led_control)
    i.timer_init                             0x08004ad8   Section        0  esp01s.o(i.timer_init)
    timer_init                               0x08004ad9   Thumb Code   106  esp01s.o(i.timer_init)
    i.uxListRemove                           0x08004b48   Section        0  list.o(i.uxListRemove)
    i.vApplicationIdleHook                   0x08004b6e   Section        0  main.o(i.vApplicationIdleHook)
    i.vApplicationStackOverflowHook          0x08004b72   Section        0  main.o(i.vApplicationStackOverflowHook)
    i.vApplicationTickHook                   0x08004b74   Section        0  main.o(i.vApplicationTickHook)
    i.vListInitialise                        0x08004b94   Section        0  list.o(i.vListInitialise)
    i.vListInitialiseItem                    0x08004baa   Section        0  list.o(i.vListInitialiseItem)
    i.vListInsert                            0x08004bb0   Section        0  list.o(i.vListInsert)
    i.vListInsertEnd                         0x08004be0   Section        0  list.o(i.vListInsertEnd)
    i.vPortEnterCritical                     0x08004bf8   Section        0  port.o(i.vPortEnterCritical)
    i.vPortExitCritical                      0x08004c14   Section        0  port.o(i.vPortExitCritical)
    i.vPortFree                              0x08004c2c   Section        0  heap_4.o(i.vPortFree)
    i.vPortSetupTimerInterrupt               0x08004c70   Section        0  port.o(i.vPortSetupTimerInterrupt)
    i.vTaskDelay                             0x08004c88   Section        0  tasks.o(i.vTaskDelay)
    i.vTaskDelete                            0x08004cbc   Section        0  tasks.o(i.vTaskDelete)
    i.vTaskInternalSetTimeOutState           0x08004d58   Section        0  tasks.o(i.vTaskInternalSetTimeOutState)
    i.vTaskMissedYield                       0x08004d68   Section        0  tasks.o(i.vTaskMissedYield)
    i.vTaskPlaceOnEventList                  0x08004d74   Section        0  tasks.o(i.vTaskPlaceOnEventList)
    i.vTaskStartScheduler                    0x08004d94   Section        0  tasks.o(i.vTaskStartScheduler)
    i.vTaskSuspendAll                        0x08004de4   Section        0  tasks.o(i.vTaskSuspendAll)
    i.vTaskSwitchContext                     0x08004df4   Section        0  tasks.o(i.vTaskSwitchContext)
    i.xPortStartScheduler                    0x08004e68   Section        0  port.o(i.xPortStartScheduler)
    i.xPortSysTickHandler                    0x08004e98   Section        0  port.o(i.xPortSysTickHandler)
    i.xQueueGenericCreate                    0x08004ec4   Section        0  queue.o(i.xQueueGenericCreate)
    i.xQueueGenericReset                     0x08004f04   Section        0  queue.o(i.xQueueGenericReset)
    i.xQueueGenericSend                      0x08004f98   Section        0  queue.o(i.xQueueGenericSend)
    i.xQueueReceive                          0x08005090   Section        0  queue.o(i.xQueueReceive)
    i.xTaskCheckForTimeOut                   0x08005180   Section        0  tasks.o(i.xTaskCheckForTimeOut)
    i.xTaskCreate                            0x080051d8   Section        0  tasks.o(i.xTaskCreate)
    i.xTaskGetSchedulerState                 0x08005240   Section        0  tasks.o(i.xTaskGetSchedulerState)
    i.xTaskIncrementTick                     0x0800525c   Section        0  tasks.o(i.xTaskIncrementTick)
    i.xTaskPriorityDisinherit                0x0800538c   Section        0  tasks.o(i.xTaskPriorityDisinherit)
    i.xTaskRemoveFromEventList               0x08005418   Section        0  tasks.o(i.xTaskRemoveFromEventList)
    i.xTaskResumeAll                         0x080054e0   Section        0  tasks.o(i.xTaskResumeAll)
    .constdata                               0x080055f4   Section     1520  oled_data.o(.constdata)
    .constdata                               0x08005be4   Section      570  oled_data.o(.constdata)
    .constdata                               0x08005e1e   Section      972  oled_data.o(.constdata)
    .constdata                               0x080061ea   Section       64  ctype_c.o(.constdata)
    .conststring                             0x0800622c   Section      298  device_list.o(.conststring)
    .conststring                             0x08006358   Section       72  main.o(.conststring)
    .data                                    0x20000000   Section       20  stm32f10x_rcc.o(.data)
    ADCPrescTable                            0x20000000   Data           4  stm32f10x_rcc.o(.data)
    APBAHBPrescTable                         0x20000004   Data          16  stm32f10x_rcc.o(.data)
    .data                                    0x20000014   Section      160  device_list.o(.data)
    .data                                    0x200000b4   Section        3  asrpro.o(.data)
    UART1_rx_flag                            0x200000b4   Data           1  asrpro.o(.data)
    rx_state                                 0x200000b5   Data           1  asrpro.o(.data)
    p_rx_packet                              0x200000b6   Data           1  asrpro.o(.data)
    .data                                    0x200000b7   Section        3  bluetooth.o(.data)
    UART2_rx_flag                            0x200000b7   Data           1  bluetooth.o(.data)
    rx_state                                 0x200000b8   Data           1  bluetooth.o(.data)
    p_rx_packet                              0x200000b9   Data           1  bluetooth.o(.data)
    .data                                    0x200000ba   Section        3  esp01s.o(.data)
    receive_mode                             0x200000ba   Data           1  esp01s.o(.data)
    p_UART3_rx_packet                        0x200000bb   Data           1  esp01s.o(.data)
    .data                                    0x200000c0   Section        4  esp01s.o(.data)
    .data                                    0x200000c4   Section       24  main.o(.data)
    refresh_flag                             0x200000c5   Data           1  main.o(.data)
    wdg_counter                              0x200000d8   Data           4  main.o(.data)
    .data                                    0x200000dc   Section       28  heap_4.o(.data)
    pxEnd                                    0x200000dc   Data           4  heap_4.o(.data)
    xFreeBytesRemaining                      0x200000e0   Data           4  heap_4.o(.data)
    xMinimumEverFreeBytesRemaining           0x200000e4   Data           4  heap_4.o(.data)
    xNumberOfSuccessfulAllocations           0x200000e8   Data           4  heap_4.o(.data)
    xNumberOfSuccessfulFrees                 0x200000ec   Data           4  heap_4.o(.data)
    xStart                                   0x200000f0   Data           8  heap_4.o(.data)
    .data                                    0x200000f8   Section        4  port.o(.data)
    uxCriticalNesting                        0x200000f8   Data           4  port.o(.data)
    .data                                    0x200000fc   Section       64  tasks.o(.data)
    uxDeletedTasksWaitingCleanUp             0x20000100   Data           4  tasks.o(.data)
    uxCurrentNumberOfTasks                   0x20000104   Data           4  tasks.o(.data)
    xTickCount                               0x20000108   Data           4  tasks.o(.data)
    uxTopReadyPriority                       0x2000010c   Data           4  tasks.o(.data)
    xSchedulerRunning                        0x20000110   Data           4  tasks.o(.data)
    xPendedTicks                             0x20000114   Data           4  tasks.o(.data)
    xYieldPending                            0x20000118   Data           4  tasks.o(.data)
    xNumOfOverflows                          0x2000011c   Data           4  tasks.o(.data)
    uxTaskNumber                             0x20000120   Data           4  tasks.o(.data)
    xNextTaskUnblockTime                     0x20000124   Data           4  tasks.o(.data)
    xIdleTaskHandle                          0x20000128   Data           4  tasks.o(.data)
    uxSchedulerSuspended                     0x20000130   Data           4  tasks.o(.data)
    pxDelayedTaskList                        0x20000134   Data           4  tasks.o(.data)
    pxOverflowDelayedTaskList                0x20000138   Data           4  tasks.o(.data)
    .bss                                     0x2000013c   Section      512  asrpro.o(.bss)
    UART1_rx_packet                          0x2000013c   Data         512  asrpro.o(.bss)
    .bss                                     0x2000033c   Section      512  bluetooth.o(.bss)
    UART2_rx_packet                          0x2000033c   Data         512  bluetooth.o(.bss)
    .bss                                     0x2000053c   Section      600  esp01s.o(.bss)
    .bss                                     0x20000794   Section     1024  oled.o(.bss)
    .bss                                     0x20000b94   Section    15360  heap_4.o(.bss)
    ucHeap                                   0x20000b94   Data       15360  heap_4.o(.bss)
    .bss                                     0x20004794   Section      200  tasks.o(.bss)
    pxReadyTasksLists                        0x20004794   Data         100  tasks.o(.bss)
    xDelayedTaskList1                        0x200047f8   Data          20  tasks.o(.bss)
    xDelayedTaskList2                        0x2000480c   Data          20  tasks.o(.bss)
    xPendingReadyList                        0x20004820   Data          20  tasks.o(.bss)
    xTasksWaitingTermination                 0x20004834   Data          20  tasks.o(.bss)
    xSuspendedTaskList                       0x20004848   Data          20  tasks.o(.bss)
    STACK                                    0x20004860   Section     1024  startup_stm32f10x_md.o(STACK)

    Global Symbols

    Symbol Name                              Value     Ov Type        Size  Object(Section)

    BuildAttributes$$THM_ISAv4$P$D$K$B$S$PE$A:L22UL41UL21$X:L11$S22US41US21$IEEE1$IW$USESV6$~STKCKD$USESV7$~SHL$OTIME$ROPI$IEEEX$EBA8$MICROLIB$REQ8$PRES8$EABIv2 0x00000000   Number         0  anon$$obj.o ABSOLUTE
    __ARM_use_no_argv                        0x00000000   Number         0  main.o ABSOLUTE
    _printf_a                                0x00000000   Number         0  stubs.o ABSOLUTE
    _printf_c                                0x00000000   Number         0  stubs.o ABSOLUTE
    _printf_charcount                        0x00000000   Number         0  stubs.o ABSOLUTE
    _printf_d                                0x00000000   Number         0  stubs.o ABSOLUTE
    _printf_e                                0x00000000   Number         0  stubs.o ABSOLUTE
    _printf_f                                0x00000000   Number         0  stubs.o ABSOLUTE
    _printf_flags                            0x00000000   Number         0  stubs.o ABSOLUTE
    _printf_fp_dec                           0x00000000   Number         0  stubs.o ABSOLUTE
    _printf_fp_hex                           0x00000000   Number         0  stubs.o ABSOLUTE
    _printf_g                                0x00000000   Number         0  stubs.o ABSOLUTE
    _printf_i                                0x00000000   Number         0  stubs.o ABSOLUTE
    _printf_int_dec                          0x00000000   Number         0  stubs.o ABSOLUTE
    _printf_l                                0x00000000   Number         0  stubs.o ABSOLUTE
    _printf_lc                               0x00000000   Number         0  stubs.o ABSOLUTE
    _printf_ll                               0x00000000   Number         0  stubs.o ABSOLUTE
    _printf_lld                              0x00000000   Number         0  stubs.o ABSOLUTE
    _printf_lli                              0x00000000   Number         0  stubs.o ABSOLUTE
    _printf_llo                              0x00000000   Number         0  stubs.o ABSOLUTE
    _printf_llu                              0x00000000   Number         0  stubs.o ABSOLUTE
    _printf_llx                              0x00000000   Number         0  stubs.o ABSOLUTE
    _printf_longlong_dec                     0x00000000   Number         0  stubs.o ABSOLUTE
    _printf_longlong_hex                     0x00000000   Number         0  stubs.o ABSOLUTE
    _printf_longlong_oct                     0x00000000   Number         0  stubs.o ABSOLUTE
    _printf_ls                               0x00000000   Number         0  stubs.o ABSOLUTE
    _printf_mbtowc                           0x00000000   Number         0  stubs.o ABSOLUTE
    _printf_n                                0x00000000   Number         0  stubs.o ABSOLUTE
    _printf_o                                0x00000000   Number         0  stubs.o ABSOLUTE
    _printf_p                                0x00000000   Number         0  stubs.o ABSOLUTE
    _printf_percent                          0x00000000   Number         0  stubs.o ABSOLUTE
    _printf_pre_padding                      0x00000000   Number         0  stubs.o ABSOLUTE
    _printf_return_value                     0x00000000   Number         0  stubs.o ABSOLUTE
    _printf_s                                0x00000000   Number         0  stubs.o ABSOLUTE
    _printf_sizespec                         0x00000000   Number         0  stubs.o ABSOLUTE
    _printf_str                              0x00000000   Number         0  stubs.o ABSOLUTE
    _printf_truncate_signed                  0x00000000   Number         0  stubs.o ABSOLUTE
    _printf_truncate_unsigned                0x00000000   Number         0  stubs.o ABSOLUTE
    _printf_u                                0x00000000   Number         0  stubs.o ABSOLUTE
    _printf_wc                               0x00000000   Number         0  stubs.o ABSOLUTE
    _printf_wctomb                           0x00000000   Number         0  stubs.o ABSOLUTE
    _printf_widthprec                        0x00000000   Number         0  stubs.o ABSOLUTE
    _printf_x                                0x00000000   Number         0  stubs.o ABSOLUTE
    __arm_fini_                               - Undefined Weak Reference
    __cpp_initialize__aeabi_                  - Undefined Weak Reference
    __cxa_finalize                            - Undefined Weak Reference
    _clock_init                               - Undefined Weak Reference
    _microlib_exit                            - Undefined Weak Reference
    _scanf_longlong                           - Undefined Weak Reference
    _scanf_real                               - Undefined Weak Reference
    __Vectors_Size                           0x000000ec   Number         0  startup_stm32f10x_md.o ABSOLUTE
    __Vectors                                0x08000000   Data           4  startup_stm32f10x_md.o(RESET)
    __Vectors_End                            0x080000ec   Data           0  startup_stm32f10x_md.o(RESET)
    __main                                   0x080000ed   Thumb Code     0  entry.o(.ARM.Collect$$$$00000000)
    _main_stk                                0x080000ed   Thumb Code     0  entry2.o(.ARM.Collect$$$$00000001)
    _main_scatterload                        0x080000f1   Thumb Code     0  entry5.o(.ARM.Collect$$$$00000004)
    __main_after_scatterload                 0x080000f5   Thumb Code     0  entry5.o(.ARM.Collect$$$$00000004)
    _main_clock                              0x080000f5   Thumb Code     0  entry7b.o(.ARM.Collect$$$$00000008)
    _main_cpp_init                           0x080000f5   Thumb Code     0  entry8b.o(.ARM.Collect$$$$0000000A)
    _main_init                               0x080000f5   Thumb Code     0  entry9a.o(.ARM.Collect$$$$0000000B)
    __rt_lib_shutdown_fini                   0x080000fd   Thumb Code     0  entry12b.o(.ARM.Collect$$$$0000000E)
    __rt_final_cpp                           0x08000101   Thumb Code     0  entry10a.o(.ARM.Collect$$$$0000000F)
    __rt_final_exit                          0x08000101   Thumb Code     0  entry11a.o(.ARM.Collect$$$$00000011)
    SVC_Handler                              0x08000105   Thumb Code    32  port.o(.emb_text)
    __asm___6_port_c_39a90d8d__prvStartFirstTask 0x08000129   Thumb Code    28  port.o(.emb_text)
    PendSV_Handler                           0x08000149   Thumb Code    72  port.o(.emb_text)
    vPortGetIPSR                             0x08000195   Thumb Code     6  port.o(.emb_text)
    Reset_Handler                            0x0800019d   Thumb Code     8  startup_stm32f10x_md.o(.text)
    ADC1_2_IRQHandler                        0x080001b7   Thumb Code     0  startup_stm32f10x_md.o(.text)
    CAN1_RX1_IRQHandler                      0x080001b7   Thumb Code     0  startup_stm32f10x_md.o(.text)
    CAN1_SCE_IRQHandler                      0x080001b7   Thumb Code     0  startup_stm32f10x_md.o(.text)
    DMA1_Channel1_IRQHandler                 0x080001b7   Thumb Code     0  startup_stm32f10x_md.o(.text)
    DMA1_Channel2_IRQHandler                 0x080001b7   Thumb Code     0  startup_stm32f10x_md.o(.text)
    DMA1_Channel3_IRQHandler                 0x080001b7   Thumb Code     0  startup_stm32f10x_md.o(.text)
    DMA1_Channel4_IRQHandler                 0x080001b7   Thumb Code     0  startup_stm32f10x_md.o(.text)
    DMA1_Channel5_IRQHandler                 0x080001b7   Thumb Code     0  startup_stm32f10x_md.o(.text)
    DMA1_Channel6_IRQHandler                 0x080001b7   Thumb Code     0  startup_stm32f10x_md.o(.text)
    DMA1_Channel7_IRQHandler                 0x080001b7   Thumb Code     0  startup_stm32f10x_md.o(.text)
    EXTI15_10_IRQHandler                     0x080001b7   Thumb Code     0  startup_stm32f10x_md.o(.text)
    EXTI2_IRQHandler                         0x080001b7   Thumb Code     0  startup_stm32f10x_md.o(.text)
    EXTI3_IRQHandler                         0x080001b7   Thumb Code     0  startup_stm32f10x_md.o(.text)
    EXTI4_IRQHandler                         0x080001b7   Thumb Code     0  startup_stm32f10x_md.o(.text)
    FLASH_IRQHandler                         0x080001b7   Thumb Code     0  startup_stm32f10x_md.o(.text)
    I2C1_ER_IRQHandler                       0x080001b7   Thumb Code     0  startup_stm32f10x_md.o(.text)
    I2C1_EV_IRQHandler                       0x080001b7   Thumb Code     0  startup_stm32f10x_md.o(.text)
    I2C2_ER_IRQHandler                       0x080001b7   Thumb Code     0  startup_stm32f10x_md.o(.text)
    I2C2_EV_IRQHandler                       0x080001b7   Thumb Code     0  startup_stm32f10x_md.o(.text)
    PVD_IRQHandler                           0x080001b7   Thumb Code     0  startup_stm32f10x_md.o(.text)
    RCC_IRQHandler                           0x080001b7   Thumb Code     0  startup_stm32f10x_md.o(.text)
    RTCAlarm_IRQHandler                      0x080001b7   Thumb Code     0  startup_stm32f10x_md.o(.text)
    RTC_IRQHandler                           0x080001b7   Thumb Code     0  startup_stm32f10x_md.o(.text)
    SPI1_IRQHandler                          0x080001b7   Thumb Code     0  startup_stm32f10x_md.o(.text)
    SPI2_IRQHandler                          0x080001b7   Thumb Code     0  startup_stm32f10x_md.o(.text)
    TAMPER_IRQHandler                        0x080001b7   Thumb Code     0  startup_stm32f10x_md.o(.text)
    TIM1_BRK_IRQHandler                      0x080001b7   Thumb Code     0  startup_stm32f10x_md.o(.text)
    TIM1_CC_IRQHandler                       0x080001b7   Thumb Code     0  startup_stm32f10x_md.o(.text)
    TIM1_TRG_COM_IRQHandler                  0x080001b7   Thumb Code     0  startup_stm32f10x_md.o(.text)
    TIM1_UP_IRQHandler                       0x080001b7   Thumb Code     0  startup_stm32f10x_md.o(.text)
    TIM2_IRQHandler                          0x080001b7   Thumb Code     0  startup_stm32f10x_md.o(.text)
    TIM4_IRQHandler                          0x080001b7   Thumb Code     0  startup_stm32f10x_md.o(.text)
    USBWakeUp_IRQHandler                     0x080001b7   Thumb Code     0  startup_stm32f10x_md.o(.text)
    USB_HP_CAN1_TX_IRQHandler                0x080001b7   Thumb Code     0  startup_stm32f10x_md.o(.text)
    USB_LP_CAN1_RX0_IRQHandler               0x080001b7   Thumb Code     0  startup_stm32f10x_md.o(.text)
    WWDG_IRQHandler                          0x080001b7   Thumb Code     0  startup_stm32f10x_md.o(.text)
    __aeabi_memcpy                           0x080001c1   Thumb Code    36  memcpya.o(.text)
    __aeabi_memcpy4                          0x080001c1   Thumb Code     0  memcpya.o(.text)
    __aeabi_memcpy8                          0x080001c1   Thumb Code     0  memcpya.o(.text)
    __aeabi_memset                           0x080001e5   Thumb Code    14  memseta.o(.text)
    __aeabi_memset4                          0x080001e5   Thumb Code     0  memseta.o(.text)
    __aeabi_memset8                          0x080001e5   Thumb Code     0  memseta.o(.text)
    __aeabi_memclr                           0x080001f3   Thumb Code     4  memseta.o(.text)
    __aeabi_memclr4                          0x080001f3   Thumb Code     0  memseta.o(.text)
    __aeabi_memclr8                          0x080001f3   Thumb Code     0  memseta.o(.text)
    _memset$wrapper                          0x080001f7   Thumb Code    18  memseta.o(.text)
    strstr                                   0x08000209   Thumb Code    36  strstr.o(.text)
    strchr                                   0x0800022d   Thumb Code    20  strchr.o(.text)
    strcmp                                   0x08000241   Thumb Code    28  strcmp.o(.text)
    __0sscanf                                0x0800025d   Thumb Code    48  __0sscanf.o(.text)
    _scanf_int                               0x08000295   Thumb Code   332  _scanf_int.o(.text)
    _scanf_string                            0x080003e1   Thumb Code   224  _scanf_str.o(.text)
    __aeabi_fmul                             0x080004c1   Thumb Code   100  fmul.o(.text)
    __aeabi_dadd                             0x08000525   Thumb Code   322  dadd.o(.text)
    __aeabi_dsub                             0x08000667   Thumb Code     6  dadd.o(.text)
    __aeabi_drsub                            0x0800066d   Thumb Code     6  dadd.o(.text)
    __aeabi_dmul                             0x08000673   Thumb Code   228  dmul.o(.text)
    __aeabi_ddiv                             0x08000757   Thumb Code   222  ddiv.o(.text)
    __aeabi_ui2d                             0x08000835   Thumb Code    26  dfltui.o(.text)
    __aeabi_f2uiz                            0x0800084f   Thumb Code    40  ffixui.o(.text)
    __aeabi_f2d                              0x08000877   Thumb Code    38  f2d.o(.text)
    __aeabi_cdrcmple                         0x0800089d   Thumb Code    48  cdrcmple.o(.text)
    __aeabi_d2f                              0x080008cd   Thumb Code    56  d2f.o(.text)
    __aeabi_uidiv                            0x08000905   Thumb Code     0  uidiv.o(.text)
    __aeabi_uidivmod                         0x08000905   Thumb Code    44  uidiv.o(.text)
    __aeabi_uldivmod                         0x08000931   Thumb Code    98  uldiv.o(.text)
    __aeabi_llsl                             0x08000993   Thumb Code    30  llshl.o(.text)
    _ll_shift_l                              0x08000993   Thumb Code     0  llshl.o(.text)
    __aeabi_llsr                             0x080009b1   Thumb Code    32  llushr.o(.text)
    _ll_ushift_r                             0x080009b1   Thumb Code     0  llushr.o(.text)
    __aeabi_lasr                             0x080009d1   Thumb Code    36  llsshr.o(.text)
    _ll_sshift_r                             0x080009d1   Thumb Code     0  llsshr.o(.text)
    _chval                                   0x080009f5   Thumb Code    28  _chval.o(.text)
    __vfscanf_char                           0x08000a1d   Thumb Code    20  scanf_char.o(.text)
    _sgetc                                   0x08000a39   Thumb Code    30  _sgetc.o(.text)
    _sbackspace                              0x08000a57   Thumb Code    34  _sgetc.o(.text)
    __I$use$fp                               0x08000a79   Thumb Code     0  iusefp.o(.text)
    _float_round                             0x08000a79   Thumb Code    18  fepilogue.o(.text)
    _float_epilogue                          0x08000a8b   Thumb Code    92  fepilogue.o(.text)
    _double_round                            0x08000ae7   Thumb Code    30  depilogue.o(.text)
    _double_epilogue                         0x08000b05   Thumb Code   156  depilogue.o(.text)
    __aeabi_d2ulz                            0x08000ba1   Thumb Code    48  dfixul.o(.text)
    __scatterload                            0x08000bd1   Thumb Code    28  init.o(.text)
    __scatterload_rt2                        0x08000bd1   Thumb Code     0  init.o(.text)
    isspace                                  0x08000bf5   Thumb Code    10  isspace_c.o(.text)
    __vfscanf                                0x08000c01   Thumb Code   810  _scanf.o(.text)
    __ctype_lookup                           0x08000f31   Thumb Code    34  ctype_c.o(.text)
    __decompress                             0x08000f59   Thumb Code     0  __dczerorl2.o(.text)
    __decompress1                            0x08000f59   Thumb Code    86  __dczerorl2.o(.text)
    ADC_Cmd                                  0x08000faf   Thumb Code    24  stm32f10x_adc.o(i.ADC_Cmd)
    ADC_GetCalibrationStatus                 0x08000fc7   Thumb Code    14  stm32f10x_adc.o(i.ADC_GetCalibrationStatus)
    ADC_GetConversionValue                   0x08000fd5   Thumb Code     6  stm32f10x_adc.o(i.ADC_GetConversionValue)
    ADC_GetFlagStatus                        0x08000fdb   Thumb Code    14  stm32f10x_adc.o(i.ADC_GetFlagStatus)
    ADC_GetResetCalibrationStatus            0x08000fe9   Thumb Code    14  stm32f10x_adc.o(i.ADC_GetResetCalibrationStatus)
    ADC_Init                                 0x08000ff9   Thumb Code    62  stm32f10x_adc.o(i.ADC_Init)
    ADC_RegularChannelConfig                 0x08001041   Thumb Code   116  stm32f10x_adc.o(i.ADC_RegularChannelConfig)
    ADC_ResetCalibration                     0x080010b5   Thumb Code    10  stm32f10x_adc.o(i.ADC_ResetCalibration)
    ADC_SoftwareStartConvCmd                 0x080010bf   Thumb Code    24  stm32f10x_adc.o(i.ADC_SoftwareStartConvCmd)
    ADC_StartCalibration                     0x080010d7   Thumb Code    10  stm32f10x_adc.o(i.ADC_StartCalibration)
    ASRPRO_clean_message                     0x08001381   Thumb Code     4  asrpro.o(i.ASRPRO_clean_message)
    ASRPRO_get_message                       0x08001385   Thumb Code    16  asrpro.o(i.ASRPRO_get_message)
    ASRPRO_init                              0x080013c7   Thumb Code     4  asrpro.o(i.ASRPRO_init)
    ASRPRO_process_message                   0x080013cd   Thumb Code   268  asrpro.o(i.ASRPRO_process_message)
    ASRPRO_send_string_message               0x08001505   Thumb Code     4  asrpro.o(i.ASRPRO_send_string_message)
    BusFault_Handler                         0x08001509   Thumb Code     2  stm32f10x_it.o(i.BusFault_Handler)
    DHT_get_temp_humi_data                   0x08001579   Thumb Code   284  th_sensor.o(i.DHT_get_temp_humi_data)
    DHT_init                                 0x080016a5   Thumb Code    48  th_sensor.o(i.DHT_init)
    DHT_sensor_show_value_to_OLED            0x080016d9   Thumb Code   190  th_sensor.o(i.DHT_sensor_show_value_to_OLED)
    DebugMon_Handler                         0x08001801   Thumb Code     2  stm32f10x_it.o(i.DebugMon_Handler)
    ESP01S_clean_message                     0x08001803   Thumb Code     4  esp01s.o(i.ESP01S_clean_message)
    ESP01S_execute_device_cmd                0x08001809   Thumb Code   144  esp01s.o(i.ESP01S_execute_device_cmd)
    ESP01S_get_message                       0x08001985   Thumb Code    16  esp01s.o(i.ESP01S_get_message)
    ESP01S_init                              0x0800199d   Thumb Code   128  esp01s.o(i.ESP01S_init)
    ESP01S_judge_ai_message_type             0x08001aa5   Thumb Code    56  esp01s.o(i.ESP01S_judge_ai_message_type)
    ESP01S_process_ai_message                0x08001af5   Thumb Code    58  esp01s.o(i.ESP01S_process_ai_message)
    ESP01S_send_cmd                          0x08001b31   Thumb Code    50  esp01s.o(i.ESP01S_send_cmd)
    EXTI0_IRQHandler                         0x08001b75   Thumb Code    64  key.o(i.EXTI0_IRQHandler)
    EXTI1_IRQHandler                         0x08001bb9   Thumb Code    66  key.o(i.EXTI1_IRQHandler)
    EXTI9_5_IRQHandler                       0x08001c05   Thumb Code   128  key.o(i.EXTI9_5_IRQHandler)
    EXTI_ClearITPendingBit                   0x08001c89   Thumb Code     6  stm32f10x_exti.o(i.EXTI_ClearITPendingBit)
    EXTI_GetITStatus                         0x08001c95   Thumb Code    28  stm32f10x_exti.o(i.EXTI_GetITStatus)
    EXTI_Init                                0x08001cb5   Thumb Code   110  stm32f10x_exti.o(i.EXTI_Init)
    GPIO_EXTILineConfig                      0x08001d29   Thumb Code    34  stm32f10x_gpio.o(i.GPIO_EXTILineConfig)
    GPIO_Init                                0x08001d51   Thumb Code   166  stm32f10x_gpio.o(i.GPIO_Init)
    GPIO_PinRemapConfig                      0x08001df9   Thumb Code    86  stm32f10x_gpio.o(i.GPIO_PinRemapConfig)
    GPIO_ReadInputDataBit                    0x08001e55   Thumb Code    14  stm32f10x_gpio.o(i.GPIO_ReadInputDataBit)
    GPIO_ResetBits                           0x08001e63   Thumb Code     4  stm32f10x_gpio.o(i.GPIO_ResetBits)
    GPIO_SetBits                             0x08001e67   Thumb Code     4  stm32f10x_gpio.o(i.GPIO_SetBits)
    GPIO_WriteBit                            0x08001e6b   Thumb Code    12  stm32f10x_gpio.o(i.GPIO_WriteBit)
    HardFault_Handler                        0x08001e77   Thumb Code     2  stm32f10x_it.o(i.HardFault_Handler)
    IWDG_Enable                              0x08001e79   Thumb Code    10  stm32f10x_iwdg.o(i.IWDG_Enable)
    IWDG_GetFlagStatus                       0x08001e89   Thumb Code    16  stm32f10x_iwdg.o(i.IWDG_GetFlagStatus)
    IWDG_ReloadCounter                       0x08001e9d   Thumb Code    10  stm32f10x_iwdg.o(i.IWDG_ReloadCounter)
    IWDG_SetPrescaler                        0x08001ead   Thumb Code     6  stm32f10x_iwdg.o(i.IWDG_SetPrescaler)
    IWDG_SetReload                           0x08001eb9   Thumb Code     6  stm32f10x_iwdg.o(i.IWDG_SetReload)
    IWDG_WriteAccessCmd                      0x08001ec5   Thumb Code     6  stm32f10x_iwdg.o(i.IWDG_WriteAccessCmd)
    IWDG_init                                0x08001ed1   Thumb Code    60  iwdg.o(i.IWDG_init)
    MQ2_get_sensor_value                     0x08001f0d   Thumb Code    64  mq2.o(i.MQ2_get_sensor_value)
    MQ2_sensor_init                          0x08001f55   Thumb Code     8  mq2.o(i.MQ2_sensor_init)
    MQ2_sensor_show_value_to_OLED            0x08001f5d   Thumb Code   102  mq2.o(i.MQ2_sensor_show_value_to_OLED)
    MQ7_get_sensor_value                     0x08001fd1   Thumb Code    62  mq7.o(i.MQ7_get_sensor_value)
    MQ7_sensor_init                          0x08002019   Thumb Code     8  mq7.o(i.MQ7_sensor_init)
    MQ7_sensor_show_value_to_OLED            0x08002021   Thumb Code   102  mq7.o(i.MQ7_sensor_show_value_to_OLED)
    MemManage_Handler                        0x08002095   Thumb Code     2  stm32f10x_it.o(i.MemManage_Handler)
    NMI_Handler                              0x08002097   Thumb Code     2  stm32f10x_it.o(i.NMI_Handler)
    NVIC_Init                                0x08002099   Thumb Code    96  misc.o(i.NVIC_Init)
    NVIC_PriorityGroupConfig                 0x080020fd   Thumb Code    10  misc.o(i.NVIC_PriorityGroupConfig)
    OLED_Clear                               0x08002111   Thumb Code    34  oled.o(i.OLED_Clear)
    OLED_ClearArea                           0x08002139   Thumb Code    94  oled.o(i.OLED_ClearArea)
    OLED_GPIO_Init                           0x0800219d   Thumb Code    86  oled.o(i.OLED_GPIO_Init)
    OLED_I2C_SendByte                        0x080021f9   Thumb Code    58  oled.o(i.OLED_I2C_SendByte)
    OLED_I2C_Start                           0x08002233   Thumb Code    30  oled.o(i.OLED_I2C_Start)
    OLED_I2C_Stop                            0x08002251   Thumb Code    24  oled.o(i.OLED_I2C_Stop)
    OLED_Init                                0x08002269   Thumb Code   148  oled.o(i.OLED_Init)
    OLED_Pow                                 0x080022fd   Thumb Code    16  oled.o(i.OLED_Pow)
    OLED_SetCursor                           0x0800230d   Thumb Code    34  oled.o(i.OLED_SetCursor)
    OLED_ShowChar                            0x08002331   Thumb Code    52  oled.o(i.OLED_ShowChar)
    OLED_ShowChinese                         0x0800236d   Thumb Code   130  oled.o(i.OLED_ShowChinese)
    OLED_ShowImage                           0x080023f9   Thumb Code   162  oled.o(i.OLED_ShowImage)
    OLED_ShowNum                             0x080024a1   Thumb Code    72  oled.o(i.OLED_ShowNum)
    OLED_ShowString                          0x080024e9   Thumb Code    44  oled.o(i.OLED_ShowString)
    OLED_Update                              0x08002515   Thumb Code    34  oled.o(i.OLED_Update)
    OLED_W_SCL                               0x0800253d   Thumb Code    10  oled.o(i.OLED_W_SCL)
    OLED_W_SDA                               0x0800254d   Thumb Code    10  oled.o(i.OLED_W_SDA)
    OLED_WriteCommand                        0x0800255d   Thumb Code    34  oled.o(i.OLED_WriteCommand)
    OLED_WriteData                           0x0800257f   Thumb Code    48  oled.o(i.OLED_WriteData)
    OLED_main_interface                      0x080025b1   Thumb Code    66  oled.o(i.OLED_main_interface)
    OLED_refresh                             0x08002631   Thumb Code    74  main.o(i.OLED_refresh)
    OLED_two_interface                       0x0800267d   Thumb Code    56  oled.o(i.OLED_two_interface)
    RCC_ADCCLKConfig                         0x080028e5   Thumb Code    14  stm32f10x_rcc.o(i.RCC_ADCCLKConfig)
    RCC_APB1PeriphClockCmd                   0x080028f9   Thumb Code    22  stm32f10x_rcc.o(i.RCC_APB1PeriphClockCmd)
    RCC_APB2PeriphClockCmd                   0x08002915   Thumb Code    22  stm32f10x_rcc.o(i.RCC_APB2PeriphClockCmd)
    RCC_ClearFlag                            0x08002931   Thumb Code    12  stm32f10x_rcc.o(i.RCC_ClearFlag)
    RCC_GetClocksFreq                        0x08002941   Thumb Code   154  stm32f10x_rcc.o(i.RCC_GetClocksFreq)
    RCC_GetFlagStatus                        0x080029ed   Thumb Code    42  stm32f10x_rcc.o(i.RCC_GetFlagStatus)
    SysTick_Handler                          0x08002ad1   Thumb Code    20  stm32f10x_it.o(i.SysTick_Handler)
    SystemInit                               0x08002ae5   Thumb Code    64  system_stm32f10x.o(i.SystemInit)
    TIM3_IRQHandler                          0x08002b35   Thumb Code    42  esp01s.o(i.TIM3_IRQHandler)
    TIM_ClearFlag                            0x08002b69   Thumb Code     6  stm32f10x_tim.o(i.TIM_ClearFlag)
    TIM_ClearITPendingBit                    0x08002b6f   Thumb Code     6  stm32f10x_tim.o(i.TIM_ClearITPendingBit)
    TIM_Cmd                                  0x08002b75   Thumb Code    24  stm32f10x_tim.o(i.TIM_Cmd)
    TIM_CtrlPWMOutputs                       0x08002b8d   Thumb Code    28  stm32f10x_tim.o(i.TIM_CtrlPWMOutputs)
    TIM_GetCounter                           0x08002ba9   Thumb Code     4  stm32f10x_tim.o(i.TIM_GetCounter)
    TIM_GetITStatus                          0x08002bad   Thumb Code    24  stm32f10x_tim.o(i.TIM_GetITStatus)
    TIM_ITConfig                             0x08002bc5   Thumb Code    20  stm32f10x_tim.o(i.TIM_ITConfig)
    TIM_OC2Init                              0x08002bd9   Thumb Code   128  stm32f10x_tim.o(i.TIM_OC2Init)
    TIM_OC3Init                              0x08002c61   Thumb Code   124  stm32f10x_tim.o(i.TIM_OC3Init)
    TIM_OC4Init                              0x08002ce5   Thumb Code    94  stm32f10x_tim.o(i.TIM_OC4Init)
    TIM_OCStructInit                         0x08002d4d   Thumb Code    20  stm32f10x_tim.o(i.TIM_OCStructInit)
    TIM_SetCompare2                          0x08002d61   Thumb Code     4  stm32f10x_tim.o(i.TIM_SetCompare2)
    TIM_SetCompare3                          0x08002d65   Thumb Code     4  stm32f10x_tim.o(i.TIM_SetCompare3)
    TIM_SetCompare4                          0x08002d69   Thumb Code     6  stm32f10x_tim.o(i.TIM_SetCompare4)
    TIM_SetCounter                           0x08002d6f   Thumb Code     4  stm32f10x_tim.o(i.TIM_SetCounter)
    TIM_TimeBaseInit                         0x08002d75   Thumb Code   114  stm32f10x_tim.o(i.TIM_TimeBaseInit)
    USART1_IRQHandler                        0x080030c9   Thumb Code    92  asrpro.o(i.USART1_IRQHandler)
    USART2_IRQHandler                        0x08003131   Thumb Code    92  bluetooth.o(i.USART2_IRQHandler)
    USART3_IRQHandler                        0x08003199   Thumb Code   128  esp01s.o(i.USART3_IRQHandler)
    USART_ClearITPendingBit                  0x08003229   Thumb Code    16  stm32f10x_usart.o(i.USART_ClearITPendingBit)
    USART_Cmd                                0x08003239   Thumb Code    24  stm32f10x_usart.o(i.USART_Cmd)
    USART_GetFlagStatus                      0x08003251   Thumb Code    14  stm32f10x_usart.o(i.USART_GetFlagStatus)
    USART_GetITStatus                        0x0800325f   Thumb Code    64  stm32f10x_usart.o(i.USART_GetITStatus)
    USART_ITConfig                           0x0800329f   Thumb Code    54  stm32f10x_usart.o(i.USART_ITConfig)
    USART_Init                               0x080032d5   Thumb Code   182  stm32f10x_usart.o(i.USART_Init)
    USART_ReceiveData                        0x08003391   Thumb Code     8  stm32f10x_usart.o(i.USART_ReceiveData)
    USART_SendData                           0x08003399   Thumb Code     8  stm32f10x_usart.o(i.USART_SendData)
    UsageFault_Handler                       0x080033a1   Thumb Code     2  stm32f10x_it.o(i.UsageFault_Handler)
    __0printf                                0x080033a5   Thumb Code    22  printfa.o(i.__0printf)
    __1printf                                0x080033a5   Thumb Code     0  printfa.o(i.__0printf)
    __2printf                                0x080033a5   Thumb Code     0  printfa.o(i.__0printf)
    __c89printf                              0x080033a5   Thumb Code     0  printfa.o(i.__0printf)
    printf                                   0x080033a5   Thumb Code     0  printfa.o(i.__0printf)
    __0sprintf                               0x080033c5   Thumb Code    34  printfa.o(i.__0sprintf)
    __1sprintf                               0x080033c5   Thumb Code     0  printfa.o(i.__0sprintf)
    __2sprintf                               0x080033c5   Thumb Code     0  printfa.o(i.__0sprintf)
    __c89sprintf                             0x080033c5   Thumb Code     0  printfa.o(i.__0sprintf)
    sprintf                                  0x080033c5   Thumb Code     0  printfa.o(i.__0sprintf)
    __scatterload_copy                       0x080033ed   Thumb Code    14  handlers.o(i.__scatterload_copy)
    __scatterload_null                       0x080033fb   Thumb Code     2  handlers.o(i.__scatterload_null)
    __scatterload_zeroinit                   0x080033fd   Thumb Code    14  handlers.o(i.__scatterload_zeroinit)
    ai_cloud_control_task                    0x08003ca1   Thumb Code   286  main.o(i.ai_cloud_control_task)
    awary_mode                               0x08003df9   Thumb Code    20  main.o(i.awary_mode)
    blue_init                                0x08003e0d   Thumb Code     4  bluetooth.o(i.blue_init)
    buzzer_control                           0x08003e11   Thumb Code    26  buzzer.o(i.buzzer_control)
    buzzer_init                              0x08003e31   Thumb Code    48  buzzer.o(i.buzzer_init)
    buzzer_off                               0x08003e65   Thumb Code     6  buzzer.o(i.buzzer_off)
    buzzer_on                                0x08003e6b   Thumb Code     6  buzzer.o(i.buzzer_on)
    delay_init                               0x08003e71   Thumb Code    66  delay.o(i.delay_init)
    delay_ms                                 0x08003eb9   Thumb Code    24  delay.o(i.delay_ms)
    delay_us                                 0x08003ed1   Thumb Code    44  delay.o(i.delay_us)
    device_cmd_list_close_all                0x08003f01   Thumb Code    30  device_list.o(i.device_cmd_list_close_all)
    device_cmd_list_length                   0x08003f1f   Thumb Code     4  device_list.o(i.device_cmd_list_length)
    emergency_escape_mode                    0x08003f23   Thumb Code    24  main.o(i.emergency_escape_mode)
    fputc                                    0x08003f3d   Thumb Code    30  esp01s.o(i.fputc)
    key_init                                 0x08003f61   Thumb Code   128  key.o(i.key_init)
    led_close_all_alarm                      0x08003fe5   Thumb Code    22  led.o(i.led_close_all_alarm)
    led_control                              0x08003ffd   Thumb Code    26  led.o(i.led_control)
    led_init                                 0x0800401d   Thumb Code   114  led.o(i.led_init)
    led_off                                  0x0800409d   Thumb Code     6  led.o(i.led_off)
    led_red_off                              0x080040a3   Thumb Code    10  led.o(i.led_red_off)
    led_red_on                               0x080040ad   Thumb Code     8  led.o(i.led_red_on)
    led_yellow_off                           0x080040b5   Thumb Code    10  led.o(i.led_yellow_off)
    led_yellow_on                            0x080040bf   Thumb Code     8  led.o(i.led_yellow_on)
    light_sensor_get_value                   0x080040c9   Thumb Code    60  light_sensor.o(i.light_sensor_get_value)
    light_sensor_init                        0x0800410d   Thumb Code     8  light_sensor.o(i.light_sensor_init)
    light_sensor_show_value_to_OLED          0x08004115   Thumb Code   102  light_sensor.o(i.light_sensor_show_value_to_OLED)
    local_edge_control_task                  0x08004189   Thumb Code   262  main.o(i.local_edge_control_task)
    main                                     0x080042a5   Thumb Code   126  main.o(i.main)
    monitor_task                             0x08004375   Thumb Code   174  main.o(i.monitor_task)
    motor_front_turn                         0x08004429   Thumb Code    30  motor.o(i.motor_front_turn)
    motor_init                               0x0800444d   Thumb Code    58  motor.o(i.motor_init)
    motor_no_turn                            0x08004491   Thumb Code    30  motor.o(i.motor_no_turn)
    motor_set_speed                          0x080044b5   Thumb Code     4  motor.o(i.motor_set_speed)
    pvPortMalloc                             0x08004961   Thumb Code   154  heap_4.o(i.pvPortMalloc)
    pxPortInitialiseStack                    0x08004a01   Thumb Code    24  port.o(i.pxPortInitialiseStack)
    recreation_mode                          0x08004a1d   Thumb Code     6  main.o(i.recreation_mode)
    room_lamp_adjust                         0x08004a23   Thumb Code    16  led.o(i.room_lamp_adjust)
    room_lamp_init                           0x08004a33   Thumb Code     4  led.o(i.room_lamp_init)
    room_lamp_off                            0x08004a37   Thumb Code     6  led.o(i.room_lamp_off)
    room_lamp_on                             0x08004a3d   Thumb Code     6  led.o(i.room_lamp_on)
    servo_init                               0x08004a43   Thumb Code     4  servo.o(i.servo_init)
    servo_set_angle                          0x08004a47   Thumb Code    22  servo.o(i.servo_set_angle)
    servo_window_off                         0x08004a5d   Thumb Code     6  servo.o(i.servo_window_off)
    servo_window_on                          0x08004a63   Thumb Code     6  servo.o(i.servo_window_on)
    sleep_mode                               0x08004a69   Thumb Code     6  main.o(i.sleep_mode)
    system_init                              0x08004a6f   Thumb Code    74  main.o(i.system_init)
    system_status_led_control                0x08004ab9   Thumb Code    28  led.o(i.system_status_led_control)
    uxListRemove                             0x08004b49   Thumb Code    38  list.o(i.uxListRemove)
    vApplicationIdleHook                     0x08004b6f   Thumb Code     4  main.o(i.vApplicationIdleHook)
    vApplicationStackOverflowHook            0x08004b73   Thumb Code     2  main.o(i.vApplicationStackOverflowHook)
    vApplicationTickHook                     0x08004b75   Thumb Code    26  main.o(i.vApplicationTickHook)
    vListInitialise                          0x08004b95   Thumb Code    22  list.o(i.vListInitialise)
    vListInitialiseItem                      0x08004bab   Thumb Code     6  list.o(i.vListInitialiseItem)
    vListInsert                              0x08004bb1   Thumb Code    48  list.o(i.vListInsert)
    vListInsertEnd                           0x08004be1   Thumb Code    24  list.o(i.vListInsertEnd)
    vPortEnterCritical                       0x08004bf9   Thumb Code    24  port.o(i.vPortEnterCritical)
    vPortExitCritical                        0x08004c15   Thumb Code    18  port.o(i.vPortExitCritical)
    vPortFree                                0x08004c2d   Thumb Code    64  heap_4.o(i.vPortFree)
    vPortSetupTimerInterrupt                 0x08004c71   Thumb Code    20  port.o(i.vPortSetupTimerInterrupt)
    vTaskDelay                               0x08004c89   Thumb Code    48  tasks.o(i.vTaskDelay)
    vTaskDelete                              0x08004cbd   Thumb Code   144  tasks.o(i.vTaskDelete)
    vTaskInternalSetTimeOutState             0x08004d59   Thumb Code    12  tasks.o(i.vTaskInternalSetTimeOutState)
    vTaskMissedYield                         0x08004d69   Thumb Code     8  tasks.o(i.vTaskMissedYield)
    vTaskPlaceOnEventList                    0x08004d75   Thumb Code    26  tasks.o(i.vTaskPlaceOnEventList)
    vTaskStartScheduler                      0x08004d95   Thumb Code    64  tasks.o(i.vTaskStartScheduler)
    vTaskSuspendAll                          0x08004de5   Thumb Code    10  tasks.o(i.vTaskSuspendAll)
    vTaskSwitchContext                       0x08004df5   Thumb Code   108  tasks.o(i.vTaskSwitchContext)
    xPortStartScheduler                      0x08004e69   Thumb Code    38  port.o(i.xPortStartScheduler)
    xPortSysTickHandler                      0x08004e99   Thumb Code    38  port.o(i.xPortSysTickHandler)
    xQueueGenericCreate                      0x08004ec5   Thumb Code    64  queue.o(i.xQueueGenericCreate)
    xQueueGenericReset                       0x08004f05   Thumb Code   142  queue.o(i.xQueueGenericReset)
    xQueueGenericSend                        0x08004f99   Thumb Code   244  queue.o(i.xQueueGenericSend)
    xQueueReceive                            0x08005091   Thumb Code   236  queue.o(i.xQueueReceive)
    xTaskCheckForTimeOut                     0x08005181   Thumb Code    84  tasks.o(i.xTaskCheckForTimeOut)
    xTaskCreate                              0x080051d9   Thumb Code   104  tasks.o(i.xTaskCreate)
    xTaskGetSchedulerState                   0x08005241   Thumb Code    24  tasks.o(i.xTaskGetSchedulerState)
    xTaskIncrementTick                       0x0800525d   Thumb Code   294  tasks.o(i.xTaskIncrementTick)
    xTaskPriorityDisinherit                  0x0800538d   Thumb Code   132  tasks.o(i.xTaskPriorityDisinherit)
    xTaskRemoveFromEventList                 0x08005419   Thumb Code   192  tasks.o(i.xTaskRemoveFromEventList)
    xTaskResumeAll                           0x080054e1   Thumb Code   264  tasks.o(i.xTaskResumeAll)
    OLED_F8x16                               0x080055f4   Data        1520  oled_data.o(.constdata)
    OLED_F6x8                                0x08005be4   Data         570  oled_data.o(.constdata)
    OLED_CF16x16                             0x08005e1e   Data         972  oled_data.o(.constdata)
    __ctype_categories                       0x080061ea   Data          64  ctype_c.o(.constdata)
    Region$$Table$$Base                      0x080063a0   Number         0  anon$$obj.o(Region$$Table)
    Region$$Table$$Limit                     0x080063c0   Number         0  anon$$obj.o(Region$$Table)
    device_cmd_list                          0x20000014   Data         160  device_list.o(.data)
    UART3_rx_flag                            0x200000bc   Data           1  esp01s.o(.data)
    __stdout                                 0x200000c0   Data           4  esp01s.o(.data)
    OLED_interface_flag                      0x200000c4   Data           1  main.o(.data)
    cloud_task_handle                        0x200000c8   Data           4  main.o(.data)
    edge_task_handle                         0x200000cc   Data           4  main.o(.data)
    monitor_task_handle                      0x200000d0   Data           4  main.o(.data)
    cloud_status_queue_handle                0x200000d4   Data           4  main.o(.data)
    pxCurrentTCB                             0x200000fc   Data           4  tasks.o(.data)
    uxTopUsedPriority                        0x2000012c   Data           4  tasks.o(.data)
    UART3_rx_packet                          0x2000053c   Data         600  esp01s.o(.bss)
    OLED_DisplayBuf                          0x20000794   Data        1024  oled.o(.bss)
    __initial_sp                             0x20004c60   Data           0  startup_stm32f10x_md.o(STACK)



==============================================================================

Memory Map of the image

  Image Entry point : 0x080000ed

  Load Region LR_IROM1 (Base: 0x08000000, Size: 0x000064fc, Max: 0x00010000, ABSOLUTE, COMPRESSED[0x0000645c])

    Execution Region ER_IROM1 (Exec base: 0x08000000, Load base: 0x08000000, Size: 0x000063c0, Max: 0x00010000, ABSOLUTE)

    Exec Addr    Load Addr    Size         Type   Attr      Idx    E Section Name        Object

    0x08000000   0x08000000   0x000000ec   Data   RO          132    RESET               startup_stm32f10x_md.o
    0x080000ec   0x080000ec   0x00000000   Code   RO         5428  * .ARM.Collect$$$$00000000  mc_w.l(entry.o)
    0x080000ec   0x080000ec   0x00000004   Code   RO         5765    .ARM.Collect$$$$00000001  mc_w.l(entry2.o)
    0x080000f0   0x080000f0   0x00000004   Code   RO         5768    .ARM.Collect$$$$00000004  mc_w.l(entry5.o)
    0x080000f4   0x080000f4   0x00000000   Code   RO         5770    .ARM.Collect$$$$00000008  mc_w.l(entry7b.o)
    0x080000f4   0x080000f4   0x00000000   Code   RO         5772    .ARM.Collect$$$$0000000A  mc_w.l(entry8b.o)
    0x080000f4   0x080000f4   0x00000008   Code   RO         5773    .ARM.Collect$$$$0000000B  mc_w.l(entry9a.o)
    0x080000fc   0x080000fc   0x00000004   Code   RO         5780    .ARM.Collect$$$$0000000E  mc_w.l(entry12b.o)
    0x08000100   0x08000100   0x00000000   Code   RO         5775    .ARM.Collect$$$$0000000F  mc_w.l(entry10a.o)
    0x08000100   0x08000100   0x00000000   Code   RO         5777    .ARM.Collect$$$$00000011  mc_w.l(entry11a.o)
    0x08000100   0x08000100   0x00000004   Code   RO         5766    .ARM.Collect$$$$00002712  mc_w.l(entry2.o)
    0x08000104   0x08000104   0x00000096   Code   RO         4610    .emb_text           port.o
    0x0800019a   0x0800019a   0x00000002   PAD
    0x0800019c   0x0800019c   0x00000024   Code   RO          133    .text               startup_stm32f10x_md.o
    0x080001c0   0x080001c0   0x00000024   Code   RO         5431    .text               mc_w.l(memcpya.o)
    0x080001e4   0x080001e4   0x00000024   Code   RO         5433    .text               mc_w.l(memseta.o)
    0x08000208   0x08000208   0x00000024   Code   RO         5435    .text               mc_w.l(strstr.o)
    0x0800022c   0x0800022c   0x00000014   Code   RO         5437    .text               mc_w.l(strchr.o)
    0x08000240   0x08000240   0x0000001c   Code   RO         5439    .text               mc_w.l(strcmp.o)
    0x0800025c   0x0800025c   0x00000038   Code   RO         5704    .text               mc_w.l(__0sscanf.o)
    0x08000294   0x08000294   0x0000014c   Code   RO         5706    .text               mc_w.l(_scanf_int.o)
    0x080003e0   0x080003e0   0x000000e0   Code   RO         5708    .text               mc_w.l(_scanf_str.o)
    0x080004c0   0x080004c0   0x00000064   Code   RO         5712    .text               mf_w.l(fmul.o)
    0x08000524   0x08000524   0x0000014e   Code   RO         5714    .text               mf_w.l(dadd.o)
    0x08000672   0x08000672   0x000000e4   Code   RO         5716    .text               mf_w.l(dmul.o)
    0x08000756   0x08000756   0x000000de   Code   RO         5718    .text               mf_w.l(ddiv.o)
    0x08000834   0x08000834   0x0000001a   Code   RO         5724    .text               mf_w.l(dfltui.o)
    0x0800084e   0x0800084e   0x00000028   Code   RO         5726    .text               mf_w.l(ffixui.o)
    0x08000876   0x08000876   0x00000026   Code   RO         5732    .text               mf_w.l(f2d.o)
    0x0800089c   0x0800089c   0x00000030   Code   RO         5736    .text               mf_w.l(cdrcmple.o)
    0x080008cc   0x080008cc   0x00000038   Code   RO         5738    .text               mf_w.l(d2f.o)
    0x08000904   0x08000904   0x0000002c   Code   RO         5781    .text               mc_w.l(uidiv.o)
    0x08000930   0x08000930   0x00000062   Code   RO         5783    .text               mc_w.l(uldiv.o)
    0x08000992   0x08000992   0x0000001e   Code   RO         5785    .text               mc_w.l(llshl.o)
    0x080009b0   0x080009b0   0x00000020   Code   RO         5787    .text               mc_w.l(llushr.o)
    0x080009d0   0x080009d0   0x00000024   Code   RO         5789    .text               mc_w.l(llsshr.o)
    0x080009f4   0x080009f4   0x0000001c   Code   RO         5798    .text               mc_w.l(_chval.o)
    0x08000a10   0x08000a10   0x00000028   Code   RO         5800    .text               mc_w.l(scanf_char.o)
    0x08000a38   0x08000a38   0x00000040   Code   RO         5802    .text               mc_w.l(_sgetc.o)
    0x08000a78   0x08000a78   0x00000000   Code   RO         5804    .text               mc_w.l(iusefp.o)
    0x08000a78   0x08000a78   0x0000006e   Code   RO         5805    .text               mf_w.l(fepilogue.o)
    0x08000ae6   0x08000ae6   0x000000ba   Code   RO         5807    .text               mf_w.l(depilogue.o)
    0x08000ba0   0x08000ba0   0x00000030   Code   RO         5809    .text               mf_w.l(dfixul.o)
    0x08000bd0   0x08000bd0   0x00000024   Code   RO         5815    .text               mc_w.l(init.o)
    0x08000bf4   0x08000bf4   0x0000000a   Code   RO         5817    .text               mc_w.l(isspace_c.o)
    0x08000bfe   0x08000bfe   0x00000002   PAD
    0x08000c00   0x08000c00   0x00000330   Code   RO         5819    .text               mc_w.l(_scanf.o)
    0x08000f30   0x08000f30   0x00000028   Code   RO         5823    .text               mc_w.l(ctype_c.o)
    0x08000f58   0x08000f58   0x00000056   Code   RO         5834    .text               mc_w.l(__dczerorl2.o)
    0x08000fae   0x08000fae   0x00000018   Code   RO          202    i.ADC_Cmd           stm32f10x_adc.o
    0x08000fc6   0x08000fc6   0x0000000e   Code   RO          210    i.ADC_GetCalibrationStatus  stm32f10x_adc.o
    0x08000fd4   0x08000fd4   0x00000006   Code   RO          211    i.ADC_GetConversionValue  stm32f10x_adc.o
    0x08000fda   0x08000fda   0x0000000e   Code   RO          213    i.ADC_GetFlagStatus  stm32f10x_adc.o
    0x08000fe8   0x08000fe8   0x0000000e   Code   RO          216    i.ADC_GetResetCalibrationStatus  stm32f10x_adc.o
    0x08000ff6   0x08000ff6   0x00000002   PAD
    0x08000ff8   0x08000ff8   0x00000048   Code   RO          220    i.ADC_Init          stm32f10x_adc.o
    0x08001040   0x08001040   0x00000074   Code   RO          224    i.ADC_RegularChannelConfig  stm32f10x_adc.o
    0x080010b4   0x080010b4   0x0000000a   Code   RO          225    i.ADC_ResetCalibration  stm32f10x_adc.o
    0x080010be   0x080010be   0x00000018   Code   RO          227    i.ADC_SoftwareStartConvCmd  stm32f10x_adc.o
    0x080010d6   0x080010d6   0x0000000a   Code   RO          229    i.ADC_StartCalibration  stm32f10x_adc.o
    0x080010e0   0x080010e0   0x00000038   Code   RO         3847    i.ADC_get_value     light_sensor.o
    0x08001118   0x08001118   0x00000038   Code   RO         3955    i.ADC_get_value     mq2.o
    0x08001150   0x08001150   0x00000038   Code   RO         3995    i.ADC_get_value     mq7.o
    0x08001188   0x08001188   0x000000a8   Code   RO         3848    i.ADC_init          light_sensor.o
    0x08001230   0x08001230   0x000000a8   Code   RO         3956    i.ADC_init          mq2.o
    0x080012d8   0x080012d8   0x000000a8   Code   RO         3996    i.ADC_init          mq7.o
    0x08001380   0x08001380   0x00000004   Code   RO         3374    i.ASRPRO_clean_message  asrpro.o
    0x08001384   0x08001384   0x00000018   Code   RO         3375    i.ASRPRO_get_message  asrpro.o
    0x0800139c   0x0800139c   0x0000002a   Code   RO         3376    i.ASRPRO_get_voice_code  asrpro.o
    0x080013c6   0x080013c6   0x00000004   Code   RO         3377    i.ASRPRO_init       asrpro.o
    0x080013ca   0x080013ca   0x00000002   PAD
    0x080013cc   0x080013cc   0x00000138   Code   RO         3378    i.ASRPRO_process_message  asrpro.o
    0x08001504   0x08001504   0x00000004   Code   RO         3379    i.ASRPRO_send_string_message  asrpro.o
    0x08001508   0x08001508   0x00000002   Code   RO         4483    i.BusFault_Handler  stm32f10x_it.o
    0x0800150a   0x0800150a   0x00000002   PAD
    0x0800150c   0x0800150c   0x00000020   Code   RO         4350    i.DHT_change_GPIO_mode  th_sensor.o
    0x0800152c   0x0800152c   0x0000004c   Code   RO         4351    i.DHT_get_byte_data  th_sensor.o
    0x08001578   0x08001578   0x0000012c   Code   RO         4352    i.DHT_get_temp_humi_data  th_sensor.o
    0x080016a4   0x080016a4   0x00000034   Code   RO         4353    i.DHT_init          th_sensor.o
    0x080016d8   0x080016d8   0x000000cc   Code   RO         4354    i.DHT_sensor_show_value_to_OLED  th_sensor.o
    0x080017a4   0x080017a4   0x0000005c   Code   RO         4355    i.DHT_start_signal  th_sensor.o
    0x08001800   0x08001800   0x00000002   Code   RO         4484    i.DebugMon_Handler  stm32f10x_it.o
    0x08001802   0x08001802   0x00000004   Code   RO         3564    i.ESP01S_clean_message  esp01s.o
    0x08001806   0x08001806   0x00000002   PAD
    0x08001808   0x08001808   0x000000a4   Code   RO         3565    i.ESP01S_execute_device_cmd  esp01s.o
    0x080018ac   0x080018ac   0x000000d8   Code   RO         3566    i.ESP01S_get_action_and_message  esp01s.o
    0x08001984   0x08001984   0x00000018   Code   RO         3567    i.ESP01S_get_message  esp01s.o
    0x0800199c   0x0800199c   0x00000108   Code   RO         3568    i.ESP01S_init       esp01s.o
    0x08001aa4   0x08001aa4   0x00000050   Code   RO         3569    i.ESP01S_judge_ai_message_type  esp01s.o
    0x08001af4   0x08001af4   0x0000003a   Code   RO         3570    i.ESP01S_process_ai_message  esp01s.o
    0x08001b2e   0x08001b2e   0x00000002   PAD
    0x08001b30   0x08001b30   0x00000044   Code   RO         3571    i.ESP01S_send_cmd   esp01s.o
    0x08001b74   0x08001b74   0x00000044   Code   RO         3681    i.EXTI0_IRQHandler  key.o
    0x08001bb8   0x08001bb8   0x0000004c   Code   RO         3682    i.EXTI1_IRQHandler  key.o
    0x08001c04   0x08001c04   0x00000084   Code   RO         3683    i.EXTI9_5_IRQHandler  key.o
    0x08001c88   0x08001c88   0x0000000c   Code   RO          985    i.EXTI_ClearITPendingBit  stm32f10x_exti.o
    0x08001c94   0x08001c94   0x00000020   Code   RO          989    i.EXTI_GetITStatus  stm32f10x_exti.o
    0x08001cb4   0x08001cb4   0x00000074   Code   RO          990    i.EXTI_Init         stm32f10x_exti.o
    0x08001d28   0x08001d28   0x00000028   Code   RO         1344    i.GPIO_EXTILineConfig  stm32f10x_gpio.o
    0x08001d50   0x08001d50   0x000000a6   Code   RO         1347    i.GPIO_Init         stm32f10x_gpio.o
    0x08001df6   0x08001df6   0x00000002   PAD
    0x08001df8   0x08001df8   0x0000005c   Code   RO         1349    i.GPIO_PinRemapConfig  stm32f10x_gpio.o
    0x08001e54   0x08001e54   0x0000000e   Code   RO         1351    i.GPIO_ReadInputDataBit  stm32f10x_gpio.o
    0x08001e62   0x08001e62   0x00000004   Code   RO         1354    i.GPIO_ResetBits    stm32f10x_gpio.o
    0x08001e66   0x08001e66   0x00000004   Code   RO         1355    i.GPIO_SetBits      stm32f10x_gpio.o
    0x08001e6a   0x08001e6a   0x0000000c   Code   RO         1358    i.GPIO_WriteBit     stm32f10x_gpio.o
    0x08001e76   0x08001e76   0x00000002   Code   RO         4485    i.HardFault_Handler  stm32f10x_it.o
    0x08001e78   0x08001e78   0x00000010   Code   RO         1665    i.IWDG_Enable       stm32f10x_iwdg.o
    0x08001e88   0x08001e88   0x00000014   Code   RO         1666    i.IWDG_GetFlagStatus  stm32f10x_iwdg.o
    0x08001e9c   0x08001e9c   0x00000010   Code   RO         1667    i.IWDG_ReloadCounter  stm32f10x_iwdg.o
    0x08001eac   0x08001eac   0x0000000c   Code   RO         1668    i.IWDG_SetPrescaler  stm32f10x_iwdg.o
    0x08001eb8   0x08001eb8   0x0000000c   Code   RO         1669    i.IWDG_SetReload    stm32f10x_iwdg.o
    0x08001ec4   0x08001ec4   0x0000000c   Code   RO         1670    i.IWDG_WriteAccessCmd  stm32f10x_iwdg.o
    0x08001ed0   0x08001ed0   0x0000003c   Code   RO         3359    i.IWDG_init         iwdg.o
    0x08001f0c   0x08001f0c   0x00000048   Code   RO         3957    i.MQ2_get_sensor_value  mq2.o
    0x08001f54   0x08001f54   0x00000008   Code   RO         3959    i.MQ2_sensor_init   mq2.o
    0x08001f5c   0x08001f5c   0x00000074   Code   RO         3960    i.MQ2_sensor_show_value_to_OLED  mq2.o
    0x08001fd0   0x08001fd0   0x00000048   Code   RO         3997    i.MQ7_get_sensor_value  mq7.o
    0x08002018   0x08002018   0x00000008   Code   RO         3999    i.MQ7_sensor_init   mq7.o
    0x08002020   0x08002020   0x00000074   Code   RO         4000    i.MQ7_sensor_show_value_to_OLED  mq7.o
    0x08002094   0x08002094   0x00000002   Code   RO         4486    i.MemManage_Handler  stm32f10x_it.o
    0x08002096   0x08002096   0x00000002   Code   RO         4487    i.NMI_Handler       stm32f10x_it.o
    0x08002098   0x08002098   0x00000064   Code   RO          137    i.NVIC_Init         misc.o
    0x080020fc   0x080020fc   0x00000014   Code   RO          138    i.NVIC_PriorityGroupConfig  misc.o
    0x08002110   0x08002110   0x00000028   Code   RO         4038    i.OLED_Clear        oled.o
    0x08002138   0x08002138   0x00000064   Code   RO         4039    i.OLED_ClearArea    oled.o
    0x0800219c   0x0800219c   0x0000005c   Code   RO         4047    i.OLED_GPIO_Init    oled.o
    0x080021f8   0x080021f8   0x0000003a   Code   RO         4049    i.OLED_I2C_SendByte  oled.o
    0x08002232   0x08002232   0x0000001e   Code   RO         4050    i.OLED_I2C_Start    oled.o
    0x08002250   0x08002250   0x00000018   Code   RO         4051    i.OLED_I2C_Stop     oled.o
    0x08002268   0x08002268   0x00000094   Code   RO         4052    i.OLED_Init         oled.o
    0x080022fc   0x080022fc   0x00000010   Code   RO         4054    i.OLED_Pow          oled.o
    0x0800230c   0x0800230c   0x00000022   Code   RO         4058    i.OLED_SetCursor    oled.o
    0x0800232e   0x0800232e   0x00000002   PAD
    0x08002330   0x08002330   0x0000003c   Code   RO         4060    i.OLED_ShowChar     oled.o
    0x0800236c   0x0800236c   0x0000008c   Code   RO         4061    i.OLED_ShowChinese  oled.o
    0x080023f8   0x080023f8   0x000000a8   Code   RO         4064    i.OLED_ShowImage    oled.o
    0x080024a0   0x080024a0   0x00000048   Code   RO         4065    i.OLED_ShowNum      oled.o
    0x080024e8   0x080024e8   0x0000002c   Code   RO         4067    i.OLED_ShowString   oled.o
    0x08002514   0x08002514   0x00000028   Code   RO         4068    i.OLED_Update       oled.o
    0x0800253c   0x0800253c   0x00000010   Code   RO         4070    i.OLED_W_SCL        oled.o
    0x0800254c   0x0800254c   0x00000010   Code   RO         4071    i.OLED_W_SDA        oled.o
    0x0800255c   0x0800255c   0x00000022   Code   RO         4072    i.OLED_WriteCommand  oled.o
    0x0800257e   0x0800257e   0x00000030   Code   RO         4073    i.OLED_WriteData    oled.o
    0x080025ae   0x080025ae   0x00000002   PAD
    0x080025b0   0x080025b0   0x00000080   Code   RO         4074    i.OLED_main_interface  oled.o
    0x08002630   0x08002630   0x0000004a   Code   RO         4392    i.OLED_refresh      main.o
    0x0800267a   0x0800267a   0x00000002   PAD
    0x0800267c   0x0800267c   0x0000006c   Code   RO         4076    i.OLED_two_interface  oled.o
    0x080026e8   0x080026e8   0x000000ac   Code   RO         3717    i.PWM_init          led.o
    0x08002794   0x08002794   0x0000008c   Code   RO         3906    i.PWM_init          motor.o
    0x08002820   0x08002820   0x0000008c   Code   RO         4307    i.PWM_init          servo.o
    0x080028ac   0x080028ac   0x0000000a   Code   RO         3718    i.PWM_set_compare2  led.o
    0x080028b6   0x080028b6   0x00000002   PAD
    0x080028b8   0x080028b8   0x0000000c   Code   RO         4308    i.PWM_set_compare3  servo.o
    0x080028c4   0x080028c4   0x00000020   Code   RO         3907    i.PWM_set_compare4  motor.o
    0x080028e4   0x080028e4   0x00000014   Code   RO         1773    i.RCC_ADCCLKConfig  stm32f10x_rcc.o
    0x080028f8   0x080028f8   0x0000001c   Code   RO         1775    i.RCC_APB1PeriphClockCmd  stm32f10x_rcc.o
    0x08002914   0x08002914   0x0000001c   Code   RO         1777    i.RCC_APB2PeriphClockCmd  stm32f10x_rcc.o
    0x08002930   0x08002930   0x00000010   Code   RO         1781    i.RCC_ClearFlag     stm32f10x_rcc.o
    0x08002940   0x08002940   0x000000ac   Code   RO         1785    i.RCC_GetClocksFreq  stm32f10x_rcc.o
    0x080029ec   0x080029ec   0x00000030   Code   RO         1786    i.RCC_GetFlagStatus  stm32f10x_rcc.o
    0x08002a1c   0x08002a1c   0x00000004   Code   RO           17    i.SetSysClock       system_stm32f10x.o
    0x08002a20   0x08002a20   0x000000b0   Code   RO           18    i.SetSysClockTo72   system_stm32f10x.o
    0x08002ad0   0x08002ad0   0x00000014   Code   RO         4488    i.SysTick_Handler   stm32f10x_it.o
    0x08002ae4   0x08002ae4   0x00000050   Code   RO           20    i.SystemInit        system_stm32f10x.o
    0x08002b34   0x08002b34   0x00000034   Code   RO         3572    i.TIM3_IRQHandler   esp01s.o
    0x08002b68   0x08002b68   0x00000006   Code   RO         2415    i.TIM_ClearFlag     stm32f10x_tim.o
    0x08002b6e   0x08002b6e   0x00000006   Code   RO         2416    i.TIM_ClearITPendingBit  stm32f10x_tim.o
    0x08002b74   0x08002b74   0x00000018   Code   RO         2421    i.TIM_Cmd           stm32f10x_tim.o
    0x08002b8c   0x08002b8c   0x0000001c   Code   RO         2423    i.TIM_CtrlPWMOutputs  stm32f10x_tim.o
    0x08002ba8   0x08002ba8   0x00000004   Code   RO         2440    i.TIM_GetCounter    stm32f10x_tim.o
    0x08002bac   0x08002bac   0x00000018   Code   RO         2442    i.TIM_GetITStatus   stm32f10x_tim.o
    0x08002bc4   0x08002bc4   0x00000014   Code   RO         2446    i.TIM_ITConfig      stm32f10x_tim.o
    0x08002bd8   0x08002bd8   0x00000088   Code   RO         2455    i.TIM_OC2Init       stm32f10x_tim.o
    0x08002c60   0x08002c60   0x00000084   Code   RO         2460    i.TIM_OC3Init       stm32f10x_tim.o
    0x08002ce4   0x08002ce4   0x00000068   Code   RO         2465    i.TIM_OC4Init       stm32f10x_tim.o
    0x08002d4c   0x08002d4c   0x00000014   Code   RO         2468    i.TIM_OCStructInit  stm32f10x_tim.o
    0x08002d60   0x08002d60   0x00000004   Code   RO         2483    i.TIM_SetCompare2   stm32f10x_tim.o
    0x08002d64   0x08002d64   0x00000004   Code   RO         2484    i.TIM_SetCompare3   stm32f10x_tim.o
    0x08002d68   0x08002d68   0x00000006   Code   RO         2485    i.TIM_SetCompare4   stm32f10x_tim.o
    0x08002d6e   0x08002d6e   0x00000004   Code   RO         2486    i.TIM_SetCounter    stm32f10x_tim.o
    0x08002d72   0x08002d72   0x00000002   PAD
    0x08002d74   0x08002d74   0x0000009c   Code   RO         2492    i.TIM_TimeBaseInit  stm32f10x_tim.o
    0x08002e10   0x08002e10   0x0000001c   Code   RO         3380    i.UART1_clean_rx_packet  asrpro.o
    0x08002e2c   0x08002e2c   0x000000b4   Code   RO         3381    i.UART1_init        asrpro.o
    0x08002ee0   0x08002ee0   0x00000020   Code   RO         3382    i.UART1_send_byte   asrpro.o
    0x08002f00   0x08002f00   0x00000018   Code   RO         3383    i.UART1_send_string  asrpro.o
    0x08002f18   0x08002f18   0x000000ac   Code   RO         3452    i.UART2_init        bluetooth.o
    0x08002fc4   0x08002fc4   0x00000020   Code   RO         3573    i.UART3_clean_rx_packet  esp01s.o
    0x08002fe4   0x08002fe4   0x000000ac   Code   RO         3574    i.UART3_init        esp01s.o
    0x08003090   0x08003090   0x00000020   Code   RO         3575    i.UART3_send_byte   esp01s.o
    0x080030b0   0x080030b0   0x00000018   Code   RO         3576    i.UART3_send_string  esp01s.o
    0x080030c8   0x080030c8   0x00000068   Code   RO         3384    i.USART1_IRQHandler  asrpro.o
    0x08003130   0x08003130   0x00000068   Code   RO         3456    i.USART2_IRQHandler  bluetooth.o
    0x08003198   0x08003198   0x00000090   Code   RO         3577    i.USART3_IRQHandler  esp01s.o
    0x08003228   0x08003228   0x00000010   Code   RO         2957    i.USART_ClearITPendingBit  stm32f10x_usart.o
    0x08003238   0x08003238   0x00000018   Code   RO         2960    i.USART_Cmd         stm32f10x_usart.o
    0x08003250   0x08003250   0x0000000e   Code   RO         2963    i.USART_GetFlagStatus  stm32f10x_usart.o
    0x0800325e   0x0800325e   0x00000040   Code   RO         2964    i.USART_GetITStatus  stm32f10x_usart.o
    0x0800329e   0x0800329e   0x00000036   Code   RO         2966    i.USART_ITConfig    stm32f10x_usart.o
    0x080032d4   0x080032d4   0x000000bc   Code   RO         2967    i.USART_Init        stm32f10x_usart.o
    0x08003390   0x08003390   0x00000008   Code   RO         2974    i.USART_ReceiveData  stm32f10x_usart.o
    0x08003398   0x08003398   0x00000008   Code   RO         2977    i.USART_SendData    stm32f10x_usart.o
    0x080033a0   0x080033a0   0x00000002   Code   RO         4489    i.UsageFault_Handler  stm32f10x_it.o
    0x080033a2   0x080033a2   0x00000002   PAD
    0x080033a4   0x080033a4   0x00000020   Code   RO         5676    i.__0printf         mc_w.l(printfa.o)
    0x080033c4   0x080033c4   0x00000028   Code   RO         5678    i.__0sprintf        mc_w.l(printfa.o)
    0x080033ec   0x080033ec   0x0000000e   Code   RO         5828    i.__scatterload_copy  mc_w.l(handlers.o)
    0x080033fa   0x080033fa   0x00000002   Code   RO         5829    i.__scatterload_null  mc_w.l(handlers.o)
    0x080033fc   0x080033fc   0x0000000e   Code   RO         5830    i.__scatterload_zeroinit  mc_w.l(handlers.o)
    0x0800340a   0x0800340a   0x00000002   PAD
    0x0800340c   0x0800340c   0x00000184   Code   RO         5683    i._fp_digits        mc_w.l(printfa.o)
    0x08003590   0x08003590   0x000006b4   Code   RO         5684    i._printf_core      mc_w.l(printfa.o)
    0x08003c44   0x08003c44   0x00000024   Code   RO         5685    i._printf_post_padding  mc_w.l(printfa.o)
    0x08003c68   0x08003c68   0x0000002e   Code   RO         5686    i._printf_pre_padding  mc_w.l(printfa.o)
    0x08003c96   0x08003c96   0x0000000a   Code   RO         5688    i._sputc            mc_w.l(printfa.o)
    0x08003ca0   0x08003ca0   0x00000158   Code   RO         4393    i.ai_cloud_control_task  main.o
    0x08003df8   0x08003df8   0x00000014   Code   RO         4394    i.awary_mode        main.o
    0x08003e0c   0x08003e0c   0x00000004   Code   RO         3459    i.blue_init         bluetooth.o
    0x08003e10   0x08003e10   0x00000020   Code   RO         3531    i.buzzer_control    buzzer.o
    0x08003e30   0x08003e30   0x00000034   Code   RO         3532    i.buzzer_init       buzzer.o
    0x08003e64   0x08003e64   0x00000006   Code   RO         3533    i.buzzer_off        buzzer.o
    0x08003e6a   0x08003e6a   0x00000006   Code   RO         3534    i.buzzer_on         buzzer.o
    0x08003e70   0x08003e70   0x00000048   Code   RO         3196    i.delay_init        delay.o
    0x08003eb8   0x08003eb8   0x00000018   Code   RO         3197    i.delay_ms          delay.o
    0x08003ed0   0x08003ed0   0x00000030   Code   RO         3198    i.delay_us          delay.o
    0x08003f00   0x08003f00   0x0000001e   Code   RO         3223    i.device_cmd_list_close_all  device_list.o
    0x08003f1e   0x08003f1e   0x00000004   Code   RO         3224    i.device_cmd_list_length  device_list.o
    0x08003f22   0x08003f22   0x00000018   Code   RO         4395    i.emergency_escape_mode  main.o
    0x08003f3a   0x08003f3a   0x00000002   PAD
    0x08003f3c   0x08003f3c   0x00000024   Code   RO         3578    i.fputc             esp01s.o
    0x08003f60   0x08003f60   0x00000084   Code   RO         3684    i.key_init          key.o
    0x08003fe4   0x08003fe4   0x00000016   Code   RO         3719    i.led_close_all_alarm  led.o
    0x08003ffa   0x08003ffa   0x00000002   PAD
    0x08003ffc   0x08003ffc   0x00000020   Code   RO         3720    i.led_control       led.o
    0x0800401c   0x0800401c   0x00000080   Code   RO         3724    i.led_init          led.o
    0x0800409c   0x0800409c   0x00000006   Code   RO         3725    i.led_off           led.o
    0x080040a2   0x080040a2   0x0000000a   Code   RO         3727    i.led_red_off       led.o
    0x080040ac   0x080040ac   0x00000008   Code   RO         3728    i.led_red_on        led.o
    0x080040b4   0x080040b4   0x0000000a   Code   RO         3729    i.led_yellow_off    led.o
    0x080040be   0x080040be   0x00000008   Code   RO         3730    i.led_yellow_on     led.o
    0x080040c6   0x080040c6   0x00000002   PAD
    0x080040c8   0x080040c8   0x00000044   Code   RO         3849    i.light_sensor_get_value  light_sensor.o
    0x0800410c   0x0800410c   0x00000008   Code   RO         3851    i.light_sensor_init  light_sensor.o
    0x08004114   0x08004114   0x00000074   Code   RO         3852    i.light_sensor_show_value_to_OLED  light_sensor.o
    0x08004188   0x08004188   0x0000011c   Code   RO         4396    i.local_edge_control_task  main.o
    0x080042a4   0x080042a4   0x000000d0   Code   RO         4397    i.main              main.o
    0x08004374   0x08004374   0x000000b4   Code   RO         4398    i.monitor_task      main.o
    0x08004428   0x08004428   0x00000024   Code   RO         3909    i.motor_front_turn  motor.o
    0x0800444c   0x0800444c   0x00000044   Code   RO         3910    i.motor_init        motor.o
    0x08004490   0x08004490   0x00000024   Code   RO         3911    i.motor_no_turn     motor.o
    0x080044b4   0x080044b4   0x00000004   Code   RO         3912    i.motor_set_speed   motor.o
    0x080044b8   0x080044b8   0x0000008c   Code   RO         5087    i.prvAddCurrentTaskToDelayedList  tasks.o
    0x08004544   0x08004544   0x000000a8   Code   RO         5088    i.prvAddNewTaskToReadyList  tasks.o
    0x080045ec   0x080045ec   0x0000003c   Code   RO         5089    i.prvCheckTasksWaitingTermination  tasks.o
    0x08004628   0x08004628   0x00000028   Code   RO         4803    i.prvCopyDataFromQueue  queue.o
    0x08004650   0x08004650   0x0000006e   Code   RO         4804    i.prvCopyDataToQueue  queue.o
    0x080046be   0x080046be   0x00000014   Code   RO         5090    i.prvDeleteTCB      tasks.o
    0x080046d2   0x080046d2   0x00000002   PAD
    0x080046d4   0x080046d4   0x00000048   Code   RO         4534    i.prvHeapInit       heap_4.o
    0x0800471c   0x0800471c   0x0000002c   Code   RO         5091    i.prvIdleTask       tasks.o
    0x08004748   0x08004748   0x00000018   Code   RO         4807    i.prvInitialiseNewQueue  queue.o
    0x08004760   0x08004760   0x00000080   Code   RO         5092    i.prvInitialiseNewTask  tasks.o
    0x080047e0   0x080047e0   0x00000058   Code   RO         5093    i.prvInitialiseTaskLists  tasks.o
    0x08004838   0x08004838   0x00000054   Code   RO         4535    i.prvInsertBlockIntoFreeList  heap_4.o
    0x0800488c   0x0800488c   0x0000001a   Code   RO         4808    i.prvIsQueueEmpty   queue.o
    0x080048a6   0x080048a6   0x0000001e   Code   RO         4809    i.prvIsQueueFull    queue.o
    0x080048c4   0x080048c4   0x00000020   Code   RO         5094    i.prvResetNextTaskUnblockTime  tasks.o
    0x080048e4   0x080048e4   0x00000010   Code   RO         4611    i.prvTaskExitError  port.o
    0x080048f4   0x080048f4   0x0000006a   Code   RO         4810    i.prvUnlockQueue    queue.o
    0x0800495e   0x0800495e   0x00000002   PAD
    0x08004960   0x08004960   0x000000a0   Code   RO         4537    i.pvPortMalloc      heap_4.o
    0x08004a00   0x08004a00   0x0000001c   Code   RO         4612    i.pxPortInitialiseStack  port.o
    0x08004a1c   0x08004a1c   0x00000006   Code   RO         4399    i.recreation_mode   main.o
    0x08004a22   0x08004a22   0x00000010   Code   RO         3731    i.room_lamp_adjust  led.o
    0x08004a32   0x08004a32   0x00000004   Code   RO         3732    i.room_lamp_init    led.o
    0x08004a36   0x08004a36   0x00000006   Code   RO         3733    i.room_lamp_off     led.o
    0x08004a3c   0x08004a3c   0x00000006   Code   RO         3734    i.room_lamp_on      led.o
    0x08004a42   0x08004a42   0x00000004   Code   RO         4309    i.servo_init        servo.o
    0x08004a46   0x08004a46   0x00000016   Code   RO         4310    i.servo_set_angle   servo.o
    0x08004a5c   0x08004a5c   0x00000006   Code   RO         4311    i.servo_window_off  servo.o
    0x08004a62   0x08004a62   0x00000006   Code   RO         4312    i.servo_window_on   servo.o
    0x08004a68   0x08004a68   0x00000006   Code   RO         4400    i.sleep_mode        main.o
    0x08004a6e   0x08004a6e   0x0000004a   Code   RO         4401    i.system_init       main.o
    0x08004ab8   0x08004ab8   0x00000020   Code   RO         3735    i.system_status_led_control  led.o
    0x08004ad8   0x08004ad8   0x00000070   Code   RO         3579    i.timer_init        esp01s.o
    0x08004b48   0x08004b48   0x00000026   Code   RO         4767    i.uxListRemove      list.o
    0x08004b6e   0x08004b6e   0x00000004   Code   RO         4402    i.vApplicationIdleHook  main.o
    0x08004b72   0x08004b72   0x00000002   Code   RO         4403    i.vApplicationStackOverflowHook  main.o
    0x08004b74   0x08004b74   0x00000020   Code   RO         4404    i.vApplicationTickHook  main.o
    0x08004b94   0x08004b94   0x00000016   Code   RO         4768    i.vListInitialise   list.o
    0x08004baa   0x08004baa   0x00000006   Code   RO         4769    i.vListInitialiseItem  list.o
    0x08004bb0   0x08004bb0   0x00000030   Code   RO         4770    i.vListInsert       list.o
    0x08004be0   0x08004be0   0x00000018   Code   RO         4771    i.vListInsertEnd    list.o
    0x08004bf8   0x08004bf8   0x0000001c   Code   RO         4614    i.vPortEnterCritical  port.o
    0x08004c14   0x08004c14   0x00000018   Code   RO         4615    i.vPortExitCritical  port.o
    0x08004c2c   0x08004c2c   0x00000044   Code   RO         4538    i.vPortFree         heap_4.o
    0x08004c70   0x08004c70   0x00000018   Code   RO         4616    i.vPortSetupTimerInterrupt  port.o
    0x08004c88   0x08004c88   0x00000034   Code   RO         5103    i.vTaskDelay        tasks.o
    0x08004cbc   0x08004cbc   0x0000009c   Code   RO         5104    i.vTaskDelete       tasks.o
    0x08004d58   0x08004d58   0x00000010   Code   RO         5107    i.vTaskInternalSetTimeOutState  tasks.o
    0x08004d68   0x08004d68   0x0000000c   Code   RO         5108    i.vTaskMissedYield  tasks.o
    0x08004d74   0x08004d74   0x00000020   Code   RO         5109    i.vTaskPlaceOnEventList  tasks.o
    0x08004d94   0x08004d94   0x00000050   Code   RO         5116    i.vTaskStartScheduler  tasks.o
    0x08004de4   0x08004de4   0x00000010   Code   RO         5118    i.vTaskSuspendAll   tasks.o
    0x08004df4   0x08004df4   0x00000074   Code   RO         5119    i.vTaskSwitchContext  tasks.o
    0x08004e68   0x08004e68   0x00000030   Code   RO         4617    i.xPortStartScheduler  port.o
    0x08004e98   0x08004e98   0x0000002c   Code   RO         4618    i.xPortSysTickHandler  port.o
    0x08004ec4   0x08004ec4   0x00000040   Code   RO         4816    i.xQueueGenericCreate  queue.o
    0x08004f04   0x08004f04   0x00000094   Code   RO         4817    i.xQueueGenericReset  queue.o
    0x08004f98   0x08004f98   0x000000f8   Code   RO         4818    i.xQueueGenericSend  queue.o
    0x08005090   0x08005090   0x000000f0   Code   RO         4825    i.xQueueReceive     queue.o
    0x08005180   0x08005180   0x00000058   Code   RO         5121    i.xTaskCheckForTimeOut  tasks.o
    0x080051d8   0x080051d8   0x00000068   Code   RO         5122    i.xTaskCreate       tasks.o
    0x08005240   0x08005240   0x0000001c   Code   RO         5129    i.xTaskGetSchedulerState  tasks.o
    0x0800525c   0x0800525c   0x00000130   Code   RO         5132    i.xTaskIncrementTick  tasks.o
    0x0800538c   0x0800538c   0x0000008c   Code   RO         5133    i.xTaskPriorityDisinherit  tasks.o
    0x08005418   0x08005418   0x000000c8   Code   RO         5135    i.xTaskRemoveFromEventList  tasks.o
    0x080054e0   0x080054e0   0x00000114   Code   RO         5136    i.xTaskResumeAll    tasks.o
    0x080055f4   0x080055f4   0x000005f0   Data   RO         4292    .constdata          oled_data.o
    0x08005be4   0x08005be4   0x0000023a   Data   RO         4293    .constdata          oled_data.o
    0x08005e1e   0x08005e1e   0x000003cc   Data   RO         4294    .constdata          oled_data.o
    0x080061ea   0x080061ea   0x00000040   Data   RO         5824    .constdata          mc_w.l(ctype_c.o)
    0x0800622a   0x0800622a   0x00000002   PAD
    0x0800622c   0x0800622c   0x0000012a   Data   RO         3225    .conststring        device_list.o
    0x08006356   0x08006356   0x00000002   PAD
    0x08006358   0x08006358   0x00000048   Data   RO         4405    .conststring        main.o
    0x080063a0   0x080063a0   0x00000020   Data   RO         5826    Region$$Table       anon$$obj.o


    Execution Region RW_IRAM1 (Exec base: 0x20000000, Load base: 0x080063c0, Size: 0x00004c60, Max: 0x00005000, ABSOLUTE, COMPRESSED[0x0000009c])

    Exec Addr    Load Addr    Size         Type   Attr      Idx    E Section Name        Object

    0x20000000   COMPRESSED   0x00000014   Data   RW         1805    .data               stm32f10x_rcc.o
    0x20000014   COMPRESSED   0x000000a0   Data   RW         3226    .data               device_list.o
    0x200000b4   COMPRESSED   0x00000003   Data   RW         3386    .data               asrpro.o
    0x200000b7   COMPRESSED   0x00000003   Data   RW         3463    .data               bluetooth.o
    0x200000ba   COMPRESSED   0x00000003   Data   RW         3581    .data               esp01s.o
    0x200000bd   COMPRESSED   0x00000003   PAD
    0x200000c0   COMPRESSED   0x00000004   Data   RW         3582    .data               esp01s.o
    0x200000c4   COMPRESSED   0x00000018   Data   RW         4406    .data               main.o
    0x200000dc   COMPRESSED   0x0000001c   Data   RW         4544    .data               heap_4.o
    0x200000f8   COMPRESSED   0x00000004   Data   RW         4619    .data               port.o
    0x200000fc   COMPRESSED   0x00000040   Data   RW         5139    .data               tasks.o
    0x2000013c        -       0x00000200   Zero   RW         3385    .bss                asrpro.o
    0x2000033c        -       0x00000200   Zero   RW         3462    .bss                bluetooth.o
    0x2000053c        -       0x00000258   Zero   RW         3580    .bss                esp01s.o
    0x20000794        -       0x00000400   Zero   RW         4077    .bss                oled.o
    0x20000b94        -       0x00003c00   Zero   RW         4543    .bss                heap_4.o
    0x20004794        -       0x000000c8   Zero   RW         5138    .bss                tasks.o
    0x2000485c   COMPRESSED   0x00000004   PAD
    0x20004860        -       0x00000400   Zero   RW          130    STACK               startup_stm32f10x_md.o


==============================================================================

Image component sizes


      Code (inc. data)   RO Data    RW Data    ZI Data      Debug   Object Name

       758        100          0          3        512       6332   asrpro.o
       280         22          0          3        512       2128   bluetooth.o
        96         10          0          0          0       2020   buzzer.o
         0          0          0          0          0       4548   core_cm3.o
       144         10          0          0          0       1415   delay.o
        34          0        298        160          0      18747   device_list.o
      1482        310          0          7        600      11109   esp01s.o
         0          0          0          0          0      11892   event_groups.o
       384         26          0         28      15360       6943   heap_4.o
        60          0          0          0          0        444   iwdg.o
       408         22          0          0          0       2550   key.o
       470         38          0          0          0       6436   led.o
       416         34          0          0          0       2743   light_sensor.o
       138          0          0          0          0       2970   list.o
      1258        174         72         24          0       8618   main.o
       120         14          0          0          0     215827   misc.o
       316         36          0          0          0       2762   motor.o
       420         34          0          0          0       2645   mq2.o
       420         36          0          0          0       2649   mq7.o
      1416        174          0          0       1024      12175   oled.o
         0          0       3062          0          0       1030   oled_data.o
       362         46          0          4          0       8384   port.o
      1036         14          0          0          0      11871   queue.o
       190         12          0          0          0       2572   servo.o
        36          8        236          0       1024        760   startup_stm32f10x_md.o
       304         10          0          0          0      18321   stm32f10x_adc.o
       160         16          0          0          0       4140   stm32f10x_exti.o
       332         12          0          0          0      13656   stm32f10x_gpio.o
        32          0          0          0          0       2827   stm32f10x_it.o
        88         34          0          0          0       2743   stm32f10x_iwdg.o
       312         46          0         20          0      14597   stm32f10x_rcc.o
       678         68          0          0          0      29860   stm32f10x_tim.o
       376          6          0          0          0      12599   stm32f10x_usart.o
       260         26          0          0          0      45025   system_stm32f10x.o
      2300        160          0         64        200      30700   tasks.o
       756         48          0          0          0       3328   th_sensor.o

    ----------------------------------------------------------------------
     15878       1546       3702        316      19236     527366   Object Totals
         0          0         32          0          0          0   (incl. Generated)
        36          0          2          3          4          0   (incl. Padding)

    ----------------------------------------------------------------------

      Code (inc. data)   RO Data    RW Data    ZI Data      Debug   Library Member Name

        56          8          0          0          0         84   __0sscanf.o
        86          0          0          0          0          0   __dczerorl2.o
        28          0          0          0          0         68   _chval.o
       816          6          0          0          0        112   _scanf.o
       332          0          0          0          0         96   _scanf_int.o
       224          0          0          0          0         96   _scanf_str.o
        64          0          0          0          0         84   _sgetc.o
        40          6         64          0          0         68   ctype_c.o
         0          0          0          0          0          0   entry.o
         0          0          0          0          0          0   entry10a.o
         0          0          0          0          0          0   entry11a.o
         4          0          0          0          0          0   entry12b.o
         8          4          0          0          0          0   entry2.o
         4          0          0          0          0          0   entry5.o
         0          0          0          0          0          0   entry7b.o
         0          0          0          0          0          0   entry8b.o
         8          4          0          0          0          0   entry9a.o
        30          0          0          0          0          0   handlers.o
        36          8          0          0          0         68   init.o
        10          0          0          0          0         68   isspace_c.o
         0          0          0          0          0          0   iusefp.o
        30          0          0          0          0         68   llshl.o
        36          0          0          0          0         68   llsshr.o
        32          0          0          0          0         68   llushr.o
        36          0          0          0          0         68   memcpya.o
        36          0          0          0          0        108   memseta.o
      2268         96          0          0          0        616   printfa.o
        40          8          0          0          0         84   scanf_char.o
        20          0          0          0          0         68   strchr.o
        28          0          0          0          0         76   strcmp.o
        36          0          0          0          0         80   strstr.o
        44          0          0          0          0         80   uidiv.o
        98          0          0          0          0         92   uldiv.o
        48          0          0          0          0         68   cdrcmple.o
        56          0          0          0          0         88   d2f.o
       334          0          0          0          0        148   dadd.o
       222          0          0          0          0        100   ddiv.o
       186          0          0          0          0        176   depilogue.o
        48          0          0          0          0         68   dfixul.o
        26          0          0          0          0         76   dfltui.o
       228          0          0          0          0         96   dmul.o
        38          0          0          0          0         68   f2d.o
       110          0          0          0          0        168   fepilogue.o
        40          0          0          0          0         68   ffixui.o
       100          0          0          0          0         76   fmul.o

    ----------------------------------------------------------------------
      5890        140         66          0          0       3420   Library Totals
         4          0          2          0          0          0   (incl. Padding)

    ----------------------------------------------------------------------

      Code (inc. data)   RO Data    RW Data    ZI Data      Debug   Library Name

      4450        140         64          0          0       2220   mc_w.l
      1436          0          0          0          0       1200   mf_w.l

    ----------------------------------------------------------------------
      5890        140         66          0          0       3420   Library Totals

    ----------------------------------------------------------------------

==============================================================================


      Code (inc. data)   RO Data    RW Data    ZI Data      Debug   

     21768       1686       3768        316      19236     516666   Grand Totals
     21768       1686       3768        156      19236     516666   ELF Image Totals (compressed)
     21768       1686       3768        156          0          0   ROM Totals

==============================================================================

    Total RO  Size (Code + RO Data)                25536 (  24.94kB)
    Total RW  Size (RW Data + ZI Data)             19552 (  19.09kB)
    Total ROM Size (Code + RO Data + RW Data)      25692 (  25.09kB)

==============================================================================

